{
  "group": "airbot_play_g2",
  "target": [
    0.5,
    -0.3,
    0.4,
    0.0,
    0.2,
    0.0
  ],
  "before": [
    0.0,
    0.0,
    0.0,
    0.0,
    0.0,
    0.0
  ],
  "plan_only_result": {
    "error_code": 1,
    "planning_time_s": 0.0056,
    "traj_points": 14
  },
  "after_plan": [
    0.0,
    0.0,
    0.0,
    0.0,
    0.0,
    0.0
  ],
  "plan_execute_result": {
    "error_code": 1,
    "planning_time_s": 0.0,
    "traj_points": 14
  },
  "after_execute": [
    0.499235,
    -0.299105,
    0.399757,
    0.000372,
    0.200108,
    0.000727
  ],
  "delta_plan": [
    0.0,
    0.0,
    0.0,
    0.0,
    0.0,
    0.0
  ],
  "delta_execute": [
    0.499235,
    -0.299105,
    0.399757,
    0.000372,
    0.200108,
    0.000727
  ],
  "verdict": {
    "plan 没有改变关节": true,
    "execute 改变了关节": true,
    "execute 到位误差": [
      0.000765,
      0.000895,
      0.000243,
      0.000372,
      0.000108,
      0.000727
    ]
  }
}
