### 2026-08-27T17:07:51+08:00 安装 aao[mujoco]（走清华 PyPI 镜像，比代理快）
+(eval):8> uv pip install -e 'ws/auto-atomic-operation[mujoco]'
Using Python 3.12.3 environment at: ws/venv-vla
Resolved 24 packages in 5.88s
   Building antlr4-python3-runtime==4.9.3
   Building auto-atomic-operation @ file:///home/tz/workspace/airbot/sim-rerun/ws/auto-atomic-operation
Downloading mujoco (18.9MiB)
      Built antlr4-python3-runtime==4.9.3
Downloading numpy (15.9MiB)
      Built auto-atomic-operation @ file:///home/tz/workspace/airbot/sim-rerun/ws/auto-atomic-operation
Downloading pillow (6.6MiB)
Downloading pyopengl (3.0MiB)
Downloading pyopengl-accelerate (3.1MiB)
Downloading pydantic-core (2.0MiB)
 Downloaded pydantic-core
 Downloaded pyopengl
 Downloaded pyopengl-accelerate
 Downloaded pillow
 Downloaded numpy
 Downloaded mujoco
Prepared 24 packages in 22.06s
Installed 24 packages in 101ms
 + absl-py==2.5.0
 + annotated-types==0.8.0
 + antlr4-python3-runtime==4.9.3
 + auto-atomic-operation==0.3.3 (from file:///home/tz/workspace/airbot/sim-rerun/ws/auto-atomic-operation)
 + etils==1.14.0
 + fsspec==2026.7.0
 + glfw==2.10.2
 + hydra-core==1.3.5
 + imageio==2.37.4
 + mujoco==3.12.0
 + numpy==2.5.2
 + omegaconf==2.3.1
 + packaging==26.3
 + pillow==12.3.0
 + plumbum==2.0.2
 + pydantic==2.13.4
 + pydantic-core==2.46.4
 + pyopengl==3.1.10
 + pyopengl-accelerate==3.1.10
 + pyyaml==6.0.3
 + rpyc==6.0.2
 + typing-extensions==4.16.0
 + typing-inspection==0.4.4
 + zipp==4.1.0
+(eval):9> uv pip install imageio-ffmpeg opencv-python-headless
Using Python 3.12.3 environment at: ws/venv-vla
Resolved 3 packages in 359ms
Downloading opencv-python-headless (58.4MiB)
Downloading imageio-ffmpeg (28.1MiB)
 Downloaded imageio-ffmpeg
 Downloaded opencv-python-headless
Prepared 2 packages in 36.66s
Installed 2 packages in 16ms
 + imageio-ffmpeg==0.6.0
 + opencv-python-headless==5.0.0.93
+(eval):10> echo '### exit=0'
### exit=0
