### 2026-08-27T17:43:08+08:00 多镜像并行下载
[DL:6.1MiB][#f7c04d 150MiB/374MiB(40%)][#d8b604 8.4MiB/8.5MiB(99%)][#4593ba 87MiB/544MiB(16%)][#cb2cc0 10MiB/190MiB(5%)]
[DL:5.4MiB][#f7c04d 153MiB/374MiB(40%)][#d8b604 8.4MiB/8.5MiB(99%)][#4593ba 89MiB/544MiB(16%)][#cb2cc0 10MiB/190MiB(5%)]
[DL:5.1MiB][#f7c04d 155MiB/374MiB(41%)][#d8b604 8.4MiB/8.5MiB(99%)][#4593ba 91MiB/544MiB(16%)][#cb2cc0 11MiB/190MiB(5%)]
[DL:5.0MiB][#f7c04d 156MiB/374MiB(41%)][#d8b604 8.4MiB/8.5MiB(99%)][#4593ba 93MiB/544MiB(17%)][#cb2cc0 12MiB/190MiB(6%)]
[DL:4.9MiB][#f7c04d 158MiB/374MiB(42%)][#4593ba 95MiB/544MiB(17%)][#cb2cc0 13MiB/190MiB(7%)][#f36742 2.2MiB/53MiB(4%)]
[DL:4.8MiB][#f7c04d 159MiB/374MiB(42%)][#4593ba 96MiB/544MiB(17%)][#cb2cc0 15MiB/190MiB(7%)][#f36742 2.8MiB/53MiB(5%)]
[DL:4.8MiB][#f7c04d 160MiB/374MiB(42%)][#4593ba 98MiB/544MiB(18%)][#cb2cc0 16MiB/190MiB(8%)][#f36742 3.5MiB/53MiB(6%)]
[DL:4.8MiB][#f7c04d 162MiB/374MiB(43%)][#4593ba 99MiB/544MiB(18%)][#cb2cc0 17MiB/190MiB(9%)][#f36742 4.6MiB/53MiB(8%)]
[DL:4.8MiB][#f7c04d 163MiB/374MiB(43%)][#4593ba 100MiB/544MiB(18%)][#cb2cc0 18MiB/190MiB(9%)][#f36742 5.8MiB/53MiB(10%)]
[DL:4.8MiB][#f7c04d 164MiB/374MiB(43%)][#4593ba 102MiB/544MiB(18%)][#cb2cc0 19MiB/190MiB(10%)][#f36742 7.0MiB/53MiB(13%)]
[DL:4.7MiB][#f7c04d 165MiB/374MiB(44%)][#4593ba 103MiB/544MiB(19%)][#cb2cc0 20MiB/190MiB(10%)][#f36742 8.0MiB/53MiB(15%)]
[DL:4.6MiB][#f7c04d 166MiB/374MiB(44%)][#4593ba 105MiB/544MiB(19%)][#cb2cc0 21MiB/190MiB(11%)][#f36742 9.3MiB/53MiB(17%)]
[DL:4.7MiB][#f7c04d 167MiB/374MiB(44%)][#4593ba 106MiB/544MiB(19%)][#cb2cc0 21MiB/190MiB(11%)][#f36742 10MiB/53MiB(20%)]
[DL:4.7MiB][#f7c04d 168MiB/374MiB(45%)][#4593ba 107MiB/544MiB(19%)][#cb2cc0 22MiB/190MiB(11%)][#f36742 12MiB/53MiB(22%)]
[DL:4.7MiB][#f7c04d 170MiB/374MiB(45%)][#4593ba 108MiB/544MiB(19%)][#cb2cc0 23MiB/190MiB(12%)][#f36742 13MiB/53MiB(25%)]
[DL:4.7MiB][#f7c04d 171MiB/374MiB(45%)][#4593ba 110MiB/544MiB(20%)][#cb2cc0 24MiB/190MiB(12%)][#f36742 15MiB/53MiB(28%)]
[DL:4.7MiB][#f7c04d 172MiB/374MiB(46%)][#4593ba 111MiB/544MiB(20%)][#cb2cc0 25MiB/190MiB(13%)][#f36742 16MiB/53MiB(30%)]
[DL:4.7MiB][#f7c04d 173MiB/374MiB(46%)][#4593ba 112MiB/544MiB(20%)][#cb2cc0 26MiB/190MiB(13%)][#f36742 17MiB/53MiB(32%)]
[DL:4.7MiB][#f7c04d 174MiB/374MiB(46%)][#4593ba 114MiB/544MiB(20%)][#cb2cc0 27MiB/190MiB(14%)][#f36742 18MiB/53MiB(35%)]
[DL:4.7MiB][#f7c04d 176MiB/374MiB(47%)][#4593ba 115MiB/544MiB(21%)][#cb2cc0 28MiB/190MiB(14%)][#f36742 20MiB/53MiB(37%)]
[DL:4.7MiB][#f7c04d 177MiB/374MiB(47%)][#4593ba 116MiB/544MiB(21%)][#cb2cc0 29MiB/190MiB(15%)][#f36742 21MiB/53MiB(39%)]
[DL:4.7MiB][#f7c04d 179MiB/374MiB(47%)][#4593ba 117MiB/544MiB(21%)][#cb2cc0 30MiB/190MiB(15%)][#f36742 22MiB/53MiB(42%)]
[DL:4.7MiB][#f7c04d 180MiB/374MiB(48%)][#4593ba 118MiB/544MiB(21%)][#cb2cc0 30MiB/190MiB(16%)][#f36742 23MiB/53MiB(44%)]
[DL:4.7MiB][#f7c04d 181MiB/374MiB(48%)][#4593ba 120MiB/544MiB(22%)][#cb2cc0 32MiB/190MiB(16%)][#f36742 24MiB/53MiB(45%)]
[DL:4.7MiB][#f7c04d 182MiB/374MiB(48%)][#4593ba 121MiB/544MiB(22%)][#cb2cc0 33MiB/190MiB(17%)][#f36742 25MiB/53MiB(47%)]
[DL:4.7MiB][#f7c04d 184MiB/374MiB(49%)][#4593ba 122MiB/544MiB(22%)][#cb2cc0 35MiB/190MiB(18%)][#f36742 26MiB/53MiB(49%)]
[DL:4.7MiB][#f7c04d 185MiB/374MiB(49%)][#4593ba 123MiB/544MiB(22%)][#cb2cc0 36MiB/190MiB(19%)][#f36742 27MiB/53MiB(51%)]
[DL:4.7MiB][#f7c04d 186MiB/374MiB(49%)][#4593ba 124MiB/544MiB(22%)][#cb2cc0 37MiB/190MiB(19%)][#f36742 28MiB/53MiB(53%)]
[DL:4.7MiB][#f7c04d 187MiB/374MiB(49%)][#4593ba 126MiB/544MiB(23%)][#cb2cc0 39MiB/190MiB(20%)][#f36742 30MiB/53MiB(55%)]
[DL:4.7MiB][#f7c04d 188MiB/374MiB(50%)][#4593ba 127MiB/544MiB(23%)][#cb2cc0 40MiB/190MiB(21%)][#f36742 31MiB/53MiB(57%)]
[DL:4.7MiB][#f7c04d 189MiB/374MiB(50%)][#4593ba 128MiB/544MiB(23%)][#cb2cc0 41MiB/190MiB(21%)][#f36742 32MiB/53MiB(60%)]
[DL:4.7MiB][#f7c04d 191MiB/374MiB(50%)][#4593ba 128MiB/544MiB(23%)][#cb2cc0 43MiB/190MiB(22%)][#f36742 33MiB/53MiB(62%)]
[DL:4.7MiB][#f7c04d 192MiB/374MiB(51%)][#4593ba 129MiB/544MiB(23%)][#cb2cc0 44MiB/190MiB(23%)][#f36742 34MiB/53MiB(64%)]
[DL:4.7MiB][#f7c04d 193MiB/374MiB(51%)][#4593ba 130MiB/544MiB(23%)][#cb2cc0 46MiB/190MiB(24%)][#f36742 35MiB/53MiB(66%)]
[DL:4.7MiB][#f7c04d 194MiB/374MiB(51%)][#4593ba 131MiB/544MiB(24%)][#cb2cc0 47MiB/190MiB(24%)][#f36742 37MiB/53MiB(69%)]
[DL:4.7MiB][#f7c04d 195MiB/374MiB(52%)][#4593ba 132MiB/544MiB(24%)][#cb2cc0 48MiB/190MiB(25%)][#f36742 38MiB/53MiB(71%)]
[DL:4.7MiB][#f7c04d 196MiB/374MiB(52%)][#4593ba 133MiB/544MiB(24%)][#cb2cc0 50MiB/190MiB(26%)][#f36742 39MiB/53MiB(73%)]
[DL:4.7MiB][#f7c04d 197MiB/374MiB(52%)][#4593ba 134MiB/544MiB(24%)][#cb2cc0 51MiB/190MiB(27%)][#f36742 40MiB/53MiB(76%)]
[DL:4.7MiB][#f7c04d 199MiB/374MiB(53%)][#4593ba 135MiB/544MiB(24%)][#cb2cc0 52MiB/190MiB(27%)][#f36742 42MiB/53MiB(78%)]
[DL:4.7MiB][#f7c04d 200MiB/374MiB(53%)][#4593ba 136MiB/544MiB(25%)][#cb2cc0 54MiB/190MiB(28%)][#f36742 43MiB/53MiB(80%)]
[DL:4.7MiB][#f7c04d 202MiB/374MiB(53%)][#4593ba 137MiB/544MiB(25%)][#cb2cc0 55MiB/190MiB(28%)][#f36742 44MiB/53MiB(82%)]
[DL:4.7MiB][#f7c04d 203MiB/374MiB(54%)][#4593ba 138MiB/544MiB(25%)][#cb2cc0 56MiB/190MiB(29%)][#f36742 45MiB/53MiB(84%)]
[DL:4.7MiB][#f7c04d 204MiB/374MiB(54%)][#4593ba 139MiB/544MiB(25%)][#cb2cc0 57MiB/190MiB(30%)][#f36742 46MiB/53MiB(86%)]
[DL:4.7MiB][#f7c04d 206MiB/374MiB(55%)][#4593ba 140MiB/544MiB(25%)][#cb2cc0 58MiB/190MiB(30%)][#f36742 47MiB/53MiB(88%)]
[DL:4.7MiB][#f7c04d 208MiB/374MiB(55%)][#4593ba 141MiB/544MiB(26%)][#cb2cc0 60MiB/190MiB(31%)][#f36742 48MiB/53MiB(89%)]
[DL:4.7MiB][#f7c04d 209MiB/374MiB(55%)][#4593ba 143MiB/544MiB(26%)][#cb2cc0 61MiB/190MiB(32%)][#f36742 48MiB/53MiB(90%)]
[DL:4.7MiB][#f7c04d 211MiB/374MiB(56%)][#4593ba 144MiB/544MiB(26%)][#cb2cc0 63MiB/190MiB(33%)][#f36742 48MiB/53MiB(90%)]
[DL:4.7MiB][#f7c04d 212MiB/374MiB(56%)][#4593ba 145MiB/544MiB(26%)][#cb2cc0 65MiB/190MiB(34%)][#f36742 49MiB/53MiB(91%)]
[DL:4.7MiB][#f7c04d 213MiB/374MiB(57%)][#4593ba 146MiB/544MiB(26%)][#cb2cc0 67MiB/190MiB(35%)][#f36742 49MiB/53MiB(92%)]
[DL:4.7MiB][#f7c04d 215MiB/374MiB(57%)][#4593ba 147MiB/544MiB(27%)][#cb2cc0 68MiB/190MiB(36%)][#f36742 49MiB/53MiB(92%)]
[DL:4.7MiB][#f7c04d 216MiB/374MiB(57%)][#4593ba 149MiB/544MiB(27%)][#cb2cc0 70MiB/190MiB(36%)][#f36742 49MiB/53MiB(92%)]
[DL:4.7MiB][#f7c04d 218MiB/374MiB(58%)][#4593ba 150MiB/544MiB(27%)][#cb2cc0 72MiB/190MiB(37%)][#f36742 49MiB/53MiB(92%)]
[DL:4.7MiB][#f7c04d 220MiB/374MiB(58%)][#4593ba 151MiB/544MiB(27%)][#cb2cc0 73MiB/190MiB(38%)][#f36742 49MiB/53MiB(93%)]
[DL:4.7MiB][#f7c04d 221MiB/374MiB(59%)][#4593ba 153MiB/544MiB(28%)][#cb2cc0 75MiB/190MiB(39%)][#f36742 50MiB/53MiB(93%)]
[DL:4.7MiB][#f7c04d 223MiB/374MiB(59%)][#4593ba 154MiB/544MiB(28%)][#cb2cc0 77MiB/190MiB(40%)][#f36742 50MiB/53MiB(93%)]
[DL:4.7MiB][#f7c04d 224MiB/374MiB(59%)][#4593ba 155MiB/544MiB(28%)][#cb2cc0 78MiB/190MiB(41%)][#f36742 50MiB/53MiB(93%)]
[DL:4.7MiB][#f7c04d 226MiB/374MiB(60%)][#4593ba 157MiB/544MiB(28%)][#cb2cc0 80MiB/190MiB(42%)][#f36742 50MiB/53MiB(94%)]
[DL:4.7MiB][#f7c04d 228MiB/374MiB(60%)][#4593ba 158MiB/544MiB(29%)][#cb2cc0 82MiB/190MiB(43%)][#f36742 50MiB/53MiB(94%)]
[DL:4.7MiB][#f7c04d 229MiB/374MiB(61%)][#4593ba 160MiB/544MiB(29%)][#cb2cc0 83MiB/190MiB(43%)][#f36742 50MiB/53MiB(94%)]
[DL:4.7MiB][#f7c04d 231MiB/374MiB(61%)][#4593ba 161MiB/544MiB(29%)][#cb2cc0 85MiB/190MiB(44%)][#f36742 50MiB/53MiB(94%)]
 *** Download Progress Summary as of Thu Aug 27 17:44:09 2026 *** 
===============================================================================
[#f7c04d 232MiB/374MiB(62%) CN:16 DL:1.5MiB ETA:1m29s]
FILE: /tmp/wheels/nvidia_cublas_cu12-12.6.4.1-py3-none-manylinux2014_x86_64.manylinux_2_17_x86_64.whl
-------------------------------------------------------------------------------
[#4593ba 163MiB/544MiB(30%) CN:16 DL:1.4MiB ETA:4m18s]
FILE: /tmp/wheels/nvidia_cudnn_cu12-9.5.1.17-py3-none-manylinux_2_28_x86_64.whl
-------------------------------------------------------------------------------
[#cb2cc0 86MiB/190MiB(45%) CN:16 DL:1.6MiB ETA:1m5s]
FILE: /tmp/wheels/nvidia_cufft_cu12-11.3.0.4-py3-none-manylinux2014_x86_64.manylinux_2_17_x86_64.whl
-------------------------------------------------------------------------------
[#f36742 50MiB/53MiB(94%) CN:6 DL:111KiB ETA:25s]
FILE: /tmp/wheels/nvidia_curand_cu12-10.3.7.77-py3-none-manylinux2014_x86_64.manylinux_2_17_x86_64.whl
-------------------------------------------------------------------------------

[DL:4.7MiB][#f7c04d 232MiB/374MiB(62%)][#4593ba 163MiB/544MiB(30%)][#cb2cc0 86MiB/190MiB(45%)][#f36742 50MiB/53MiB(94%)]
[DL:4.7MiB][#f7c04d 234MiB/374MiB(62%)][#4593ba 165MiB/544MiB(30%)][#cb2cc0 87MiB/190MiB(46%)][#f36742 50MiB/53MiB(94%)]
[DL:4.7MiB][#f7c04d 235MiB/374MiB(62%)][#4593ba 167MiB/544MiB(30%)][#cb2cc0 89MiB/190MiB(46%)][#f36742 50MiB/53MiB(95%)]
[DL:4.7MiB][#f7c04d 236MiB/374MiB(63%)][#4593ba 169MiB/544MiB(31%)][#cb2cc0 90MiB/190MiB(47%)][#f36742 51MiB/53MiB(95%)]
[DL:4.7MiB][#f7c04d 238MiB/374MiB(63%)][#4593ba 171MiB/544MiB(31%)][#cb2cc0 91MiB/190MiB(48%)][#f36742 51MiB/53MiB(95%)]
[DL:4.7MiB][#f7c04d 239MiB/374MiB(63%)][#4593ba 173MiB/544MiB(31%)][#cb2cc0 93MiB/190MiB(48%)][#f36742 51MiB/53MiB(95%)]
[DL:4.7MiB][#f7c04d 240MiB/374MiB(64%)][#4593ba 175MiB/544MiB(32%)][#cb2cc0 94MiB/190MiB(49%)][#f36742 51MiB/53MiB(95%)]
[DL:4.7MiB][#f7c04d 241MiB/374MiB(64%)][#4593ba 178MiB/544MiB(32%)][#cb2cc0 95MiB/190MiB(50%)][#f36742 51MiB/53MiB(95%)]
[DL:4.7MiB][#f7c04d 242MiB/374MiB(64%)][#4593ba 180MiB/544MiB(33%)][#cb2cc0 96MiB/190MiB(50%)][#f36742 51MiB/53MiB(95%)]
[DL:4.7MiB][#f7c04d 244MiB/374MiB(65%)][#4593ba 182MiB/544MiB(33%)][#cb2cc0 98MiB/190MiB(51%)][#f36742 51MiB/53MiB(96%)]
[DL:4.7MiB][#f7c04d 245MiB/374MiB(65%)][#4593ba 184MiB/544MiB(33%)][#cb2cc0 99MiB/190MiB(51%)][#f36742 51MiB/53MiB(96%)]
[DL:4.7MiB][#f7c04d 246MiB/374MiB(65%)][#4593ba 186MiB/544MiB(34%)][#cb2cc0 100MiB/190MiB(52%)][#f36742 51MiB/53MiB(96%)]
[DL:4.7MiB][#f7c04d 248MiB/374MiB(66%)][#4593ba 188MiB/544MiB(34%)][#cb2cc0 101MiB/190MiB(53%)][#f36742 51MiB/53MiB(96%)]
[DL:4.7MiB][#f7c04d 249MiB/374MiB(66%)][#4593ba 191MiB/544MiB(35%)][#cb2cc0 102MiB/190MiB(53%)][#f36742 51MiB/53MiB(96%)]
[DL:4.7MiB][#f7c04d 250MiB/374MiB(66%)][#4593ba 193MiB/544MiB(35%)][#cb2cc0 104MiB/190MiB(54%)][#f36742 51MiB/53MiB(96%)]
[DL:4.7MiB][#f7c04d 251MiB/374MiB(67%)][#4593ba 195MiB/544MiB(35%)][#cb2cc0 105MiB/190MiB(55%)][#f36742 51MiB/53MiB(96%)]
[DL:4.7MiB][#f7c04d 253MiB/374MiB(67%)][#4593ba 197MiB/544MiB(36%)][#cb2cc0 106MiB/190MiB(55%)][#f36742 51MiB/53MiB(96%)]
[DL:4.7MiB][#f7c04d 254MiB/374MiB(67%)][#4593ba 199MiB/544MiB(36%)][#cb2cc0 107MiB/190MiB(56%)][#f36742 51MiB/53MiB(96%)]
[DL:4.7MiB][#f7c04d 255MiB/374MiB(68%)][#4593ba 201MiB/544MiB(37%)][#cb2cc0 109MiB/190MiB(57%)][#f36742 52MiB/53MiB(97%)]
[DL:4.7MiB][#f7c04d 257MiB/374MiB(68%)][#4593ba 203MiB/544MiB(37%)][#cb2cc0 110MiB/190MiB(57%)][#f36742 52MiB/53MiB(97%)]
[DL:4.7MiB][#f7c04d 258MiB/374MiB(68%)][#4593ba 205MiB/544MiB(37%)][#cb2cc0 111MiB/190MiB(58%)][#f36742 52MiB/53MiB(97%)]
[DL:4.7MiB][#f7c04d 260MiB/374MiB(69%)][#4593ba 207MiB/544MiB(38%)][#cb2cc0 112MiB/190MiB(59%)][#f36742 52MiB/53MiB(97%)]
[DL:4.7MiB][#f7c04d 261MiB/374MiB(69%)][#4593ba 209MiB/544MiB(38%)][#cb2cc0 114MiB/190MiB(59%)][#f36742 52MiB/53MiB(98%)]
[DL:4.7MiB][#f7c04d 262MiB/374MiB(70%)][#4593ba 211MiB/544MiB(38%)][#cb2cc0 115MiB/190MiB(60%)][#f36742 52MiB/53MiB(98%)]
[DL:4.7MiB][#f7c04d 264MiB/374MiB(70%)][#4593ba 213MiB/544MiB(39%)][#cb2cc0 116MiB/190MiB(61%)][#f36742 52MiB/53MiB(98%)]
[DL:4.7MiB][#f7c04d 265MiB/374MiB(70%)][#4593ba 215MiB/544MiB(39%)][#cb2cc0 118MiB/190MiB(61%)][#f36742 52MiB/53MiB(98%)]
[DL:4.7MiB][#f7c04d 266MiB/374MiB(71%)][#4593ba 217MiB/544MiB(39%)][#cb2cc0 119MiB/190MiB(62%)][#f36742 52MiB/53MiB(98%)]
[DL:4.7MiB][#f7c04d 268MiB/374MiB(71%)][#4593ba 219MiB/544MiB(40%)][#cb2cc0 120MiB/190MiB(63%)][#f36742 52MiB/53MiB(98%)]
[DL:4.7MiB][#f7c04d 269MiB/374MiB(71%)][#4593ba 221MiB/544MiB(40%)][#cb2cc0 122MiB/190MiB(63%)][#f36742 52MiB/53MiB(98%)]
[DL:4.7MiB][#f7c04d 270MiB/374MiB(72%)][#4593ba 223MiB/544MiB(41%)][#cb2cc0 123MiB/190MiB(64%)][#f36742 52MiB/53MiB(98%)]
[DL:4.7MiB][#f7c04d 272MiB/374MiB(72%)][#4593ba 225MiB/544MiB(41%)][#cb2cc0 124MiB/190MiB(65%)][#f36742 52MiB/53MiB(98%)]
[DL:4.7MiB][#f7c04d 273MiB/374MiB(73%)][#4593ba 227MiB/544MiB(41%)][#cb2cc0 125MiB/190MiB(65%)][#f36742 52MiB/53MiB(98%)]
[DL:4.7MiB][#f7c04d 275MiB/374MiB(73%)][#4593ba 229MiB/544MiB(42%)][#cb2cc0 127MiB/190MiB(66%)][#f36742 52MiB/53MiB(98%)]
[DL:4.7MiB][#f7c04d 276MiB/374MiB(73%)][#4593ba 231MiB/544MiB(42%)][#cb2cc0 128MiB/190MiB(67%)][#f36742 53MiB/53MiB(98%)]
[DL:4.7MiB][#f7c04d 277MiB/374MiB(74%)][#4593ba 233MiB/544MiB(42%)][#cb2cc0 129MiB/190MiB(67%)][#f36742 53MiB/53MiB(98%)]
[DL:4.7MiB][#f7c04d 279MiB/374MiB(74%)][#4593ba 235MiB/544MiB(43%)][#cb2cc0 130MiB/190MiB(68%)][#f36742 53MiB/53MiB(98%)]
[DL:4.7MiB][#f7c04d 280MiB/374MiB(74%)][#4593ba 237MiB/544MiB(43%)][#cb2cc0 132MiB/190MiB(69%)][#f36742 53MiB/53MiB(98%)]
[DL:4.7MiB][#f7c04d 282MiB/374MiB(75%)][#4593ba 239MiB/544MiB(43%)][#cb2cc0 133MiB/190MiB(69%)][#f36742 53MiB/53MiB(98%)]
[DL:4.7MiB][#f7c04d 284MiB/374MiB(75%)][#4593ba 240MiB/544MiB(44%)][#cb2cc0 134MiB/190MiB(70%)][#f36742 53MiB/53MiB(98%)]
[DL:4.7MiB][#f7c04d 286MiB/374MiB(76%)][#4593ba 241MiB/544MiB(44%)][#cb2cc0 136MiB/190MiB(71%)][#f36742 53MiB/53MiB(98%)]
[DL:4.7MiB][#f7c04d 288MiB/374MiB(76%)][#4593ba 243MiB/544MiB(44%)][#cb2cc0 137MiB/190MiB(72%)][#f36742 53MiB/53MiB(98%)]
[DL:4.7MiB][#f7c04d 289MiB/374MiB(77%)][#4593ba 244MiB/544MiB(44%)][#cb2cc0 138MiB/190MiB(72%)][#f36742 53MiB/53MiB(98%)]
[DL:4.7MiB][#f7c04d 291MiB/374MiB(77%)][#4593ba 246MiB/544MiB(45%)][#cb2cc0 140MiB/190MiB(73%)][#f36742 53MiB/53MiB(99%)]
[DL:4.7MiB][#f7c04d 292MiB/374MiB(78%)][#4593ba 248MiB/544MiB(45%)][#cb2cc0 141MiB/190MiB(74%)][#f36742 53MiB/53MiB(99%)]
[DL:4.7MiB][#f7c04d 294MiB/374MiB(78%)][#4593ba 250MiB/544MiB(45%)][#cb2cc0 142MiB/190MiB(74%)][#f36742 53MiB/53MiB(99%)]
[DL:4.7MiB][#f7c04d 296MiB/374MiB(78%)][#4593ba 252MiB/544MiB(46%)][#cb2cc0 143MiB/190MiB(75%)][#f36742 53MiB/53MiB(99%)]
[DL:4.7MiB][#f7c04d 297MiB/374MiB(79%)][#4593ba 253MiB/544MiB(46%)][#cb2cc0 145MiB/190MiB(76%)][#f36742 53MiB/53MiB(99%)]
[DL:4.7MiB][#f7c04d 298MiB/374MiB(79%)][#4593ba 255MiB/544MiB(46%)][#cb2cc0 146MiB/190MiB(76%)][#f36742 53MiB/53MiB(99%)]
[DL:4.7MiB][#f7c04d 300MiB/374MiB(80%)][#4593ba 257MiB/544MiB(47%)][#cb2cc0 148MiB/190MiB(77%)][#f36742 53MiB/53MiB(99%)]
[DL:4.7MiB][#f7c04d 301MiB/374MiB(80%)][#4593ba 258MiB/544MiB(47%)][#cb2cc0 150MiB/190MiB(78%)][#f36742 53MiB/53MiB(99%)]
[DL:4.7MiB][#f7c04d 303MiB/374MiB(80%)][#4593ba 260MiB/544MiB(47%)][#cb2cc0 152MiB/190MiB(79%)][#f36742 53MiB/53MiB(99%)]
[DL:4.7MiB][#f7c04d 304MiB/374MiB(81%)][#4593ba 262MiB/544MiB(48%)][#cb2cc0 153MiB/190MiB(80%)][#f36742 53MiB/53MiB(99%)]
[DL:4.7MiB][#f7c04d 305MiB/374MiB(81%)][#4593ba 263MiB/544MiB(48%)][#cb2cc0 155MiB/190MiB(81%)][#f36742 53MiB/53MiB(99%)]
[DL:4.7MiB][#f7c04d 307MiB/374MiB(81%)][#4593ba 265MiB/544MiB(48%)][#cb2cc0 156MiB/190MiB(82%)][#f36742 53MiB/53MiB(99%)]
[DL:4.7MiB][#f7c04d 309MiB/374MiB(82%)][#4593ba 266MiB/544MiB(48%)][#cb2cc0 158MiB/190MiB(82%)][#f6c78d 0B/0B]
[DL:4.7MiB][#f7c04d 311MiB/374MiB(83%)][#4593ba 267MiB/544MiB(49%)][#cb2cc0 159MiB/190MiB(83%)][#f6c78d 160KiB/150MiB(0%)]
[DL:4.7MiB][#f7c04d 312MiB/374MiB(83%)][#4593ba 268MiB/544MiB(49%)][#cb2cc0 160MiB/190MiB(83%)][#f6c78d 864KiB/150MiB(0%)]
[DL:4.7MiB][#f7c04d 314MiB/374MiB(83%)][#4593ba 270MiB/544MiB(49%)][#cb2cc0 161MiB/190MiB(84%)][#f6c78d 1.5MiB/150MiB(1%)]
[DL:4.6MiB][#f7c04d 315MiB/374MiB(84%)][#4593ba 271MiB/544MiB(49%)][#cb2cc0 162MiB/190MiB(84%)][#f6c78d 2.6MiB/150MiB(1%)]
[DL:4.6MiB][#f7c04d 316MiB/374MiB(84%)][#4593ba 272MiB/544MiB(50%)][#cb2cc0 162MiB/190MiB(85%)][#f6c78d 4.7MiB/150MiB(3%)]
[DL:4.7MiB][#f7c04d 317MiB/374MiB(84%)][#4593ba 273MiB/544MiB(50%)][#cb2cc0 163MiB/190MiB(85%)][#f6c78d 6.7MiB/150MiB(4%)]
 *** Download Progress Summary as of Thu Aug 27 17:45:09 2026 *** 
===============================================================================
[#f7c04d 318MiB/374MiB(85%) CN:16 DL:1.4MiB ETA:37s]
FILE: /tmp/wheels/nvidia_cublas_cu12-12.6.4.1-py3-none-manylinux2014_x86_64.manylinux_2_17_x86_64.whl
-------------------------------------------------------------------------------
[#4593ba 274MiB/544MiB(50%) CN:16 DL:1.2MiB ETA:3m41s]
FILE: /tmp/wheels/nvidia_cudnn_cu12-9.5.1.17-py3-none-manylinux_2_28_x86_64.whl
-------------------------------------------------------------------------------
[#cb2cc0 164MiB/190MiB(86%) CN:16 DL:1.0MiB ETA:24s]
FILE: /tmp/wheels/nvidia_cufft_cu12-11.3.0.4-py3-none-manylinux2014_x86_64.manylinux_2_17_x86_64.whl
-------------------------------------------------------------------------------
[#f6c78d 8.4MiB/150MiB(5%) CN:16 DL:1.2MiB ETA:1m50s]
FILE: /tmp/wheels/nvidia_cusolver_cu12-11.7.1.2-py3-none-manylinux2014_x86_64.manylinux_2_17_x86_64.whl
-------------------------------------------------------------------------------

[DL:4.7MiB][#f7c04d 318MiB/374MiB(85%)][#4593ba 274MiB/544MiB(50%)][#cb2cc0 164MiB/190MiB(86%)][#f6c78d 8.4MiB/150MiB(5%)]
[DL:4.7MiB][#f7c04d 319MiB/374MiB(85%)][#4593ba 275MiB/544MiB(50%)][#cb2cc0 165MiB/190MiB(86%)][#f6c78d 10MiB/150MiB(6%)]
[DL:4.7MiB][#f7c04d 320MiB/374MiB(85%)][#4593ba 276MiB/544MiB(50%)][#cb2cc0 166MiB/190MiB(87%)][#f6c78d 11MiB/150MiB(7%)]
[DL:4.6MiB][#f7c04d 321MiB/374MiB(85%)][#4593ba 277MiB/544MiB(51%)][#cb2cc0 167MiB/190MiB(87%)][#f6c78d 13MiB/150MiB(8%)]
[DL:4.7MiB][#f7c04d 322MiB/374MiB(86%)][#4593ba 279MiB/544MiB(51%)][#cb2cc0 168MiB/190MiB(87%)][#f6c78d 15MiB/150MiB(10%)]
[DL:4.7MiB][#f7c04d 324MiB/374MiB(86%)][#4593ba 280MiB/544MiB(51%)][#cb2cc0 169MiB/190MiB(88%)][#f6c78d 16MiB/150MiB(10%)]
[DL:4.7MiB][#f7c04d 325MiB/374MiB(86%)][#4593ba 281MiB/544MiB(51%)][#cb2cc0 169MiB/190MiB(88%)][#f6c78d 18MiB/150MiB(12%)]
[DL:4.7MiB][#f7c04d 326MiB/374MiB(87%)][#4593ba 283MiB/544MiB(51%)][#cb2cc0 170MiB/190MiB(89%)][#f6c78d 19MiB/150MiB(12%)]
[DL:4.7MiB][#f7c04d 327MiB/374MiB(87%)][#4593ba 284MiB/544MiB(52%)][#cb2cc0 171MiB/190MiB(89%)][#f6c78d 21MiB/150MiB(13%)]
[DL:4.7MiB][#f7c04d 328MiB/374MiB(87%)][#4593ba 285MiB/544MiB(52%)][#cb2cc0 172MiB/190MiB(90%)][#f6c78d 22MiB/150MiB(14%)]
[DL:4.7MiB][#f7c04d 329MiB/374MiB(87%)][#4593ba 287MiB/544MiB(52%)][#cb2cc0 172MiB/190MiB(90%)][#f6c78d 24MiB/150MiB(15%)]
[DL:4.7MiB][#f7c04d 330MiB/374MiB(88%)][#4593ba 288MiB/544MiB(52%)][#cb2cc0 173MiB/190MiB(90%)][#f6c78d 25MiB/150MiB(17%)]
[DL:4.7MiB][#f7c04d 331MiB/374MiB(88%)][#4593ba 289MiB/544MiB(53%)][#cb2cc0 174MiB/190MiB(91%)][#f6c78d 27MiB/150MiB(18%)]
[DL:4.7MiB][#f7c04d 332MiB/374MiB(88%)][#4593ba 291MiB/544MiB(53%)][#cb2cc0 174MiB/190MiB(91%)][#f6c78d 28MiB/150MiB(19%)]
[DL:4.7MiB][#f7c04d 333MiB/374MiB(89%)][#4593ba 292MiB/544MiB(53%)][#cb2cc0 175MiB/190MiB(92%)][#f6c78d 30MiB/150MiB(19%)]
[DL:4.7MiB][#f7c04d 334MiB/374MiB(89%)][#4593ba 294MiB/544MiB(54%)][#cb2cc0 176MiB/190MiB(92%)][#f6c78d 31MiB/150MiB(20%)]
[DL:4.7MiB][#f7c04d 335MiB/374MiB(89%)][#4593ba 295MiB/544MiB(54%)][#cb2cc0 177MiB/190MiB(92%)][#f6c78d 32MiB/150MiB(21%)]
[DL:4.7MiB][#f7c04d 336MiB/374MiB(89%)][#4593ba 297MiB/544MiB(54%)][#cb2cc0 177MiB/190MiB(93%)][#f6c78d 34MiB/150MiB(22%)]
[DL:4.7MiB][#f7c04d 338MiB/374MiB(90%)][#4593ba 298MiB/544MiB(54%)][#cb2cc0 178MiB/190MiB(93%)][#f6c78d 35MiB/150MiB(23%)]
[DL:4.7MiB][#f7c04d 339MiB/374MiB(90%)][#4593ba 300MiB/544MiB(55%)][#cb2cc0 179MiB/190MiB(94%)][#f6c78d 36MiB/150MiB(24%)]
[DL:4.7MiB][#f7c04d 340MiB/374MiB(90%)][#4593ba 302MiB/544MiB(55%)][#cb2cc0 180MiB/190MiB(94%)][#f6c78d 37MiB/150MiB(25%)]
[DL:4.7MiB][#f7c04d 341MiB/374MiB(90%)][#4593ba 303MiB/544MiB(55%)][#cb2cc0 181MiB/190MiB(94%)][#f6c78d 39MiB/150MiB(25%)]
[DL:4.7MiB][#f7c04d 341MiB/374MiB(91%)][#4593ba 305MiB/544MiB(56%)][#cb2cc0 182MiB/190MiB(95%)][#f6c78d 40MiB/150MiB(26%)]
[DL:4.7MiB][#f7c04d 342MiB/374MiB(91%)][#4593ba 306MiB/544MiB(56%)][#cb2cc0 183MiB/190MiB(96%)][#f6c78d 41MiB/150MiB(27%)]
[DL:4.7MiB][#f7c04d 343MiB/374MiB(91%)][#4593ba 308MiB/544MiB(56%)][#cb2cc0 184MiB/190MiB(96%)][#f6c78d 42MiB/150MiB(28%)]
[DL:4.7MiB][#f7c04d 344MiB/374MiB(91%)][#4593ba 310MiB/544MiB(56%)][#cb2cc0 185MiB/190MiB(97%)][#f6c78d 43MiB/150MiB(28%)]
[DL:4.7MiB][#f7c04d 346MiB/374MiB(92%)][#4593ba 311MiB/544MiB(57%)][#cb2cc0 186MiB/190MiB(97%)][#f6c78d 45MiB/150MiB(29%)]
[DL:4.7MiB][#f7c04d 347MiB/374MiB(92%)][#4593ba 313MiB/544MiB(57%)][#cb2cc0 186MiB/190MiB(97%)][#f6c78d 46MiB/150MiB(30%)]
[DL:4.7MiB][#f7c04d 348MiB/374MiB(92%)][#4593ba 315MiB/544MiB(57%)][#cb2cc0 186MiB/190MiB(97%)][#f6c78d 47MiB/150MiB(31%)]
[DL:4.7MiB][#f7c04d 349MiB/374MiB(93%)][#4593ba 317MiB/544MiB(58%)][#cb2cc0 187MiB/190MiB(97%)][#f6c78d 49MiB/150MiB(32%)]
[DL:4.7MiB][#f7c04d 351MiB/374MiB(93%)][#4593ba 319MiB/544MiB(58%)][#cb2cc0 187MiB/190MiB(98%)][#f6c78d 50MiB/150MiB(33%)]
[DL:4.7MiB][#f7c04d 352MiB/374MiB(94%)][#4593ba 321MiB/544MiB(58%)][#cb2cc0 187MiB/190MiB(98%)][#f6c78d 51MiB/150MiB(34%)]
[DL:4.7MiB][#f7c04d 353MiB/374MiB(94%)][#4593ba 322MiB/544MiB(59%)][#cb2cc0 187MiB/190MiB(98%)][#f6c78d 53MiB/150MiB(35%)]
[DL:4.7MiB][#f7c04d 355MiB/374MiB(94%)][#4593ba 324MiB/544MiB(59%)][#cb2cc0 187MiB/190MiB(98%)][#f6c78d 54MiB/150MiB(36%)]
[DL:4.7MiB][#f7c04d 356MiB/374MiB(95%)][#4593ba 326MiB/544MiB(60%)][#cb2cc0 187MiB/190MiB(98%)][#f6c78d 55MiB/150MiB(37%)]
[DL:4.7MiB][#f7c04d 358MiB/374MiB(95%)][#4593ba 328MiB/544MiB(60%)][#cb2cc0 187MiB/190MiB(98%)][#f6c78d 57MiB/150MiB(37%)]
[DL:4.7MiB][#f7c04d 359MiB/374MiB(95%)][#4593ba 330MiB/544MiB(60%)][#cb2cc0 187MiB/190MiB(98%)][#f6c78d 58MiB/150MiB(38%)]
[DL:4.7MiB][#f7c04d 360MiB/374MiB(96%)][#4593ba 332MiB/544MiB(61%)][#cb2cc0 187MiB/190MiB(98%)][#f6c78d 60MiB/150MiB(39%)]
[DL:4.7MiB][#f7c04d 362MiB/374MiB(96%)][#4593ba 334MiB/544MiB(61%)][#cb2cc0 187MiB/190MiB(98%)][#f6c78d 61MiB/150MiB(40%)]
[DL:4.7MiB][#f7c04d 363MiB/374MiB(96%)][#4593ba 336MiB/544MiB(61%)][#cb2cc0 188MiB/190MiB(98%)][#f6c78d 62MiB/150MiB(41%)]
[DL:4.7MiB][#f7c04d 364MiB/374MiB(97%)][#4593ba 338MiB/544MiB(62%)][#cb2cc0 188MiB/190MiB(98%)][#f6c78d 63MiB/150MiB(42%)]
[DL:4.7MiB][#f7c04d 365MiB/374MiB(97%)][#4593ba 340MiB/544MiB(62%)][#cb2cc0 188MiB/190MiB(98%)][#f6c78d 65MiB/150MiB(43%)]
[DL:4.7MiB][#f7c04d 366MiB/374MiB(97%)][#4593ba 342MiB/544MiB(62%)][#cb2cc0 188MiB/190MiB(98%)][#f6c78d 66MiB/150MiB(44%)]
[DL:4.7MiB][#f7c04d 368MiB/374MiB(98%)][#4593ba 344MiB/544MiB(63%)][#cb2cc0 188MiB/190MiB(98%)][#f6c78d 67MiB/150MiB(44%)]
[DL:4.7MiB][#f7c04d 369MiB/374MiB(98%)][#4593ba 347MiB/544MiB(63%)][#cb2cc0 188MiB/190MiB(98%)][#f6c78d 69MiB/150MiB(45%)]
[DL:4.7MiB][#f7c04d 369MiB/374MiB(98%)][#4593ba 349MiB/544MiB(64%)][#cb2cc0 188MiB/190MiB(98%)][#f6c78d 70MiB/150MiB(46%)]
[DL:4.7MiB][#f7c04d 370MiB/374MiB(98%)][#4593ba 351MiB/544MiB(64%)][#cb2cc0 188MiB/190MiB(98%)][#f6c78d 72MiB/150MiB(48%)]
[DL:4.7MiB][#f7c04d 371MiB/374MiB(98%)][#4593ba 354MiB/544MiB(65%)][#cb2cc0 188MiB/190MiB(98%)][#f6c78d 74MiB/150MiB(49%)]
[DL:4.7MiB][#f7c04d 371MiB/374MiB(99%)][#4593ba 356MiB/544MiB(65%)][#cb2cc0 188MiB/190MiB(98%)][#f6c78d 75MiB/150MiB(50%)]
[DL:4.7MiB][#f7c04d 371MiB/374MiB(99%)][#4593ba 359MiB/544MiB(66%)][#cb2cc0 188MiB/190MiB(98%)][#f6c78d 77MiB/150MiB(51%)]
[DL:4.7MiB][#f7c04d 371MiB/374MiB(99%)][#4593ba 362MiB/544MiB(66%)][#cb2cc0 188MiB/190MiB(98%)][#f6c78d 79MiB/150MiB(52%)]
[DL:4.7MiB][#f7c04d 372MiB/374MiB(99%)][#4593ba 364MiB/544MiB(67%)][#cb2cc0 188MiB/190MiB(98%)][#f6c78d 81MiB/150MiB(53%)]
[DL:4.7MiB][#f7c04d 372MiB/374MiB(99%)][#4593ba 367MiB/544MiB(67%)][#cb2cc0 188MiB/190MiB(98%)][#f6c78d 83MiB/150MiB(55%)]
[DL:4.7MiB][#f7c04d 372MiB/374MiB(99%)][#4593ba 369MiB/544MiB(67%)][#cb2cc0 188MiB/190MiB(98%)][#f6c78d 85MiB/150MiB(56%)]
[DL:4.7MiB][#f7c04d 372MiB/374MiB(99%)][#4593ba 372MiB/544MiB(68%)][#cb2cc0 189MiB/190MiB(99%)][#f6c78d 87MiB/150MiB(57%)]
[DL:4.7MiB][#f7c04d 372MiB/374MiB(99%)][#4593ba 374MiB/544MiB(68%)][#cb2cc0 189MiB/190MiB(99%)][#f6c78d 89MiB/150MiB(59%)]
[DL:4.7MiB][#f7c04d 372MiB/374MiB(99%)][#4593ba 376MiB/544MiB(69%)][#cb2cc0 189MiB/190MiB(99%)][#f6c78d 91MiB/150MiB(60%)]
[DL:4.7MiB][#f7c04d 372MiB/374MiB(99%)][#4593ba 378MiB/544MiB(69%)][#cb2cc0 189MiB/190MiB(99%)][#f6c78d 94MiB/150MiB(62%)]
[DL:4.7MiB][#f7c04d 372MiB/374MiB(99%)][#4593ba 381MiB/544MiB(70%)][#cb2cc0 189MiB/190MiB(99%)][#f6c78d 96MiB/150MiB(63%)]
[DL:4.7MiB][#f7c04d 373MiB/374MiB(99%)][#4593ba 383MiB/544MiB(70%)][#cb2cc0 189MiB/190MiB(99%)][#f6c78d 98MiB/150MiB(64%)]
[DL:4.7MiB][#f7c04d 373MiB/374MiB(99%)][#4593ba 386MiB/544MiB(70%)][#cb2cc0 189MiB/190MiB(99%)][#f6c78d 99MiB/150MiB(66%)]
 *** Download Progress Summary as of Thu Aug 27 17:46:09 2026 *** 
===============================================================================
[#f7c04d 373MiB/374MiB(99%) CN:3 DL:122KiB ETA:14s]
FILE: /tmp/wheels/nvidia_cublas_cu12-12.6.4.1-py3-none-manylinux2014_x86_64.manylinux_2_17_x86_64.whl
-------------------------------------------------------------------------------
[#4593ba 389MiB/544MiB(71%) CN:16 DL:2.4MiB ETA:1m2s]
FILE: /tmp/wheels/nvidia_cudnn_cu12-9.5.1.17-py3-none-manylinux_2_28_x86_64.whl
-------------------------------------------------------------------------------
[#cb2cc0 189MiB/190MiB(99%) CN:2 DL:85KiB ETA:16s]
FILE: /tmp/wheels/nvidia_cufft_cu12-11.3.0.4-py3-none-manylinux2014_x86_64.manylinux_2_17_x86_64.whl
-------------------------------------------------------------------------------
[#f6c78d 101MiB/150MiB(67%) CN:16 DL:2.0MiB ETA:23s]
FILE: /tmp/wheels/nvidia_cusolver_cu12-11.7.1.2-py3-none-manylinux2014_x86_64.manylinux_2_17_x86_64.whl
-------------------------------------------------------------------------------

[DL:4.7MiB][#f7c04d 373MiB/374MiB(99%)][#4593ba 389MiB/544MiB(71%)][#cb2cc0 189MiB/190MiB(99%)][#f6c78d 101MiB/150MiB(67%)]
[DL:4.7MiB][#f7c04d 373MiB/374MiB(99%)][#4593ba 392MiB/544MiB(72%)][#cb2cc0 189MiB/190MiB(99%)][#f6c78d 103MiB/150MiB(68%)]
[DL:4.7MiB][#f7c04d 373MiB/374MiB(99%)][#4593ba 395MiB/544MiB(72%)][#cb2cc0 189MiB/190MiB(99%)][#f6c78d 105MiB/150MiB(69%)]
[DL:4.7MiB][#f7c04d 373MiB/374MiB(99%)][#4593ba 398MiB/544MiB(73%)][#cb2cc0 189MiB/190MiB(99%)][#f6c78d 107MiB/150MiB(71%)]
[DL:4.7MiB][#f7c04d 373MiB/374MiB(99%)][#4593ba 400MiB/544MiB(73%)][#cb2cc0 189MiB/190MiB(99%)][#f6c78d 109MiB/150MiB(72%)]
[DL:4.7MiB][#f7c04d 373MiB/374MiB(99%)][#4593ba 403MiB/544MiB(74%)][#cb2cc0 190MiB/190MiB(99%)][#f6c78d 110MiB/150MiB(73%)]
[DL:4.7MiB][#f7c04d 373MiB/374MiB(99%)][#4593ba 406MiB/544MiB(74%)][#cb2cc0 190MiB/190MiB(99%)][#f6c78d 112MiB/150MiB(74%)]
[DL:4.7MiB][#f7c04d 373MiB/374MiB(99%)][#4593ba 408MiB/544MiB(75%)][#cb2cc0 190MiB/190MiB(99%)][#f6c78d 114MiB/150MiB(76%)]
[DL:4.7MiB][#f7c04d 373MiB/374MiB(99%)][#4593ba 411MiB/544MiB(75%)][#cb2cc0 190MiB/190MiB(99%)][#f6c78d 116MiB/150MiB(77%)]
[DL:4.7MiB][#f7c04d 373MiB/374MiB(99%)][#4593ba 414MiB/544MiB(76%)][#cb2cc0 190MiB/190MiB(99%)][#f6c78d 118MiB/150MiB(78%)]
[DL:4.7MiB][#f7c04d 374MiB/374MiB(99%)][#4593ba 416MiB/544MiB(76%)][#cb2cc0 190MiB/190MiB(99%)][#f6c78d 120MiB/150MiB(79%)]
[DL:4.7MiB][#f7c04d 374MiB/374MiB(99%)][#4593ba 419MiB/544MiB(77%)][#cb2cc0 190MiB/190MiB(99%)][#f6c78d 122MiB/150MiB(81%)]
[DL:4.7MiB][#f7c04d 374MiB/374MiB(99%)][#4593ba 422MiB/544MiB(77%)][#cb2cc0 190MiB/190MiB(99%)][#f6c78d 124MiB/150MiB(82%)]
[DL:4.7MiB][#f7c04d 374MiB/374MiB(99%)][#4593ba 424MiB/544MiB(78%)][#cb2cc0 190MiB/190MiB(99%)][#f6c78d 126MiB/150MiB(83%)]
[DL:4.7MiB][#f7c04d 374MiB/374MiB(99%)][#4593ba 427MiB/544MiB(78%)][#cb2cc0 190MiB/190MiB(99%)][#f6c78d 128MiB/150MiB(84%)]
[DL:4.7MiB][#f7c04d 374MiB/374MiB(99%)][#4593ba 430MiB/544MiB(79%)][#cb2cc0 190MiB/190MiB(99%)][#f6c78d 130MiB/150MiB(86%)]
[DL:4.7MiB][#f7c04d 374MiB/374MiB(99%)][#4593ba 433MiB/544MiB(79%)][#cb2cc0 190MiB/190MiB(99%)][#f6c78d 131MiB/150MiB(87%)]
[DL:4.7MiB][#f7c04d 374MiB/374MiB(99%)][#4593ba 436MiB/544MiB(80%)][#cb2cc0 190MiB/190MiB(99%)][#f6c78d 133MiB/150MiB(88%)]
[DL:4.7MiB][#f7c04d 374MiB/374MiB(99%)][#4593ba 438MiB/544MiB(80%)][#cb2cc0 190MiB/190MiB(99%)][#f6c78d 135MiB/150MiB(90%)]
[DL:4.7MiB][#f7c04d 374MiB/374MiB(99%)][#4593ba 440MiB/544MiB(80%)][#cb2cc0 190MiB/190MiB(99%)][#f6c78d 137MiB/150MiB(91%)]
[DL:4.7MiB][#f7c04d 374MiB/374MiB(99%)][#4593ba 443MiB/544MiB(81%)][#cb2cc0 190MiB/190MiB(99%)][#f6c78d 139MiB/150MiB(92%)]
[DL:4.7MiB][#f7c04d 374MiB/374MiB(99%)][#4593ba 446MiB/544MiB(81%)][#cb2cc0 190MiB/190MiB(99%)][#f6c78d 141MiB/150MiB(93%)]
[DL:4.7MiB][#f7c04d 374MiB/374MiB(99%)][#4593ba 449MiB/544MiB(82%)][#cb2cc0 190MiB/190MiB(99%)][#f6c78d 143MiB/150MiB(94%)]
[DL:4.7MiB][#f7c04d 374MiB/374MiB(99%)][#4593ba 452MiB/544MiB(83%)][#f6c78d 144MiB/150MiB(95%)][#b76c62 32KiB/206MiB(0%)]
[DL:4.7MiB][#4593ba 455MiB/544MiB(83%)][#f6c78d 145MiB/150MiB(96%)][#b76c62 384KiB/206MiB(0%)][#9a9a3e 0B/0B]
[DL:4.7MiB][#4593ba 458MiB/544MiB(84%)][#f6c78d 145MiB/150MiB(96%)][#b76c62 848KiB/206MiB(0%)][#9a9a3e 320KiB/149MiB(0%)]
[DL:4.7MiB][#4593ba 461MiB/544MiB(84%)][#f6c78d 146MiB/150MiB(96%)][#b76c62 1.3MiB/206MiB(0%)][#9a9a3e 1.4MiB/149MiB(0%)]
[DL:4.6MiB][#4593ba 463MiB/544MiB(85%)][#f6c78d 146MiB/150MiB(96%)][#b76c62 1.6MiB/206MiB(0%)][#9a9a3e 3.2MiB/149MiB(2%)]
[DL:4.7MiB][#4593ba 465MiB/544MiB(85%)][#f6c78d 146MiB/150MiB(96%)][#b76c62 2.1MiB/206MiB(1%)][#9a9a3e 5.2MiB/149MiB(3%)]
[DL:4.7MiB][#4593ba 467MiB/544MiB(85%)][#f6c78d 146MiB/150MiB(96%)][#b76c62 2.7MiB/206MiB(1%)][#9a9a3e 7.1MiB/149MiB(4%)]
[DL:4.6MiB][#4593ba 469MiB/544MiB(86%)][#f6c78d 146MiB/150MiB(97%)][#b76c62 3.3MiB/206MiB(1%)][#9a9a3e 9.0MiB/149MiB(6%)]
[DL:4.7MiB][#4593ba 472MiB/544MiB(86%)][#f6c78d 146MiB/150MiB(97%)][#b76c62 4.1MiB/206MiB(2%)][#9a9a3e 10MiB/149MiB(7%)]
[DL:4.6MiB][#4593ba 474MiB/544MiB(87%)][#f6c78d 146MiB/150MiB(97%)][#b76c62 5.0MiB/206MiB(2%)][#9a9a3e 12MiB/149MiB(8%)]
[DL:4.7MiB][#4593ba 476MiB/544MiB(87%)][#f6c78d 146MiB/150MiB(97%)][#b76c62 5.8MiB/206MiB(2%)][#9a9a3e 14MiB/149MiB(9%)]
[DL:4.7MiB][#4593ba 477MiB/544MiB(87%)][#f6c78d 146MiB/150MiB(97%)][#b76c62 6.8MiB/206MiB(3%)][#9a9a3e 16MiB/149MiB(10%)]
[DL:4.7MiB][#4593ba 479MiB/544MiB(88%)][#f6c78d 146MiB/150MiB(97%)][#b76c62 7.6MiB/206MiB(3%)][#9a9a3e 18MiB/149MiB(12%)]
[DL:4.7MiB][#4593ba 481MiB/544MiB(88%)][#f6c78d 146MiB/150MiB(97%)][#b76c62 8.4MiB/206MiB(4%)][#9a9a3e 19MiB/149MiB(13%)]
[DL:4.7MiB][#4593ba 483MiB/544MiB(88%)][#f6c78d 146MiB/150MiB(97%)][#b76c62 9.3MiB/206MiB(4%)][#9a9a3e 21MiB/149MiB(14%)]
[DL:4.7MiB][#4593ba 485MiB/544MiB(89%)][#f6c78d 146MiB/150MiB(97%)][#b76c62 10MiB/206MiB(4%)][#9a9a3e 23MiB/149MiB(15%)]
[DL:4.7MiB][#4593ba 487MiB/544MiB(89%)][#f6c78d 147MiB/150MiB(97%)][#b76c62 11MiB/206MiB(5%)][#9a9a3e 25MiB/149MiB(16%)]
[DL:4.7MiB][#4593ba 489MiB/544MiB(89%)][#f6c78d 147MiB/150MiB(97%)][#b76c62 11MiB/206MiB(5%)][#9a9a3e 26MiB/149MiB(17%)]
[DL:4.7MiB][#4593ba 491MiB/544MiB(90%)][#f6c78d 147MiB/150MiB(97%)][#b76c62 12MiB/206MiB(6%)][#9a9a3e 28MiB/149MiB(19%)]
[DL:4.7MiB][#4593ba 493MiB/544MiB(90%)][#f6c78d 147MiB/150MiB(97%)][#b76c62 13MiB/206MiB(6%)][#9a9a3e 30MiB/149MiB(20%)]
[DL:4.7MiB][#4593ba 495MiB/544MiB(90%)][#f6c78d 147MiB/150MiB(97%)][#b76c62 14MiB/206MiB(7%)][#9a9a3e 32MiB/149MiB(21%)]
[DL:4.7MiB][#4593ba 497MiB/544MiB(91%)][#f6c78d 147MiB/150MiB(97%)][#b76c62 15MiB/206MiB(7%)][#9a9a3e 34MiB/149MiB(23%)]
[DL:4.7MiB][#4593ba 498MiB/544MiB(91%)][#f6c78d 147MiB/150MiB(97%)][#b76c62 16MiB/206MiB(7%)][#9a9a3e 37MiB/149MiB(24%)]
[DL:4.7MiB][#4593ba 500MiB/544MiB(91%)][#f6c78d 147MiB/150MiB(97%)][#b76c62 16MiB/206MiB(8%)][#9a9a3e 39MiB/149MiB(26%)]
[DL:4.7MiB][#4593ba 501MiB/544MiB(92%)][#f6c78d 147MiB/150MiB(97%)][#b76c62 17MiB/206MiB(8%)][#9a9a3e 41MiB/149MiB(27%)]
[DL:4.7MiB][#4593ba 503MiB/544MiB(92%)][#f6c78d 147MiB/150MiB(97%)][#b76c62 18MiB/206MiB(9%)][#9a9a3e 44MiB/149MiB(29%)]
[DL:4.7MiB][#4593ba 504MiB/544MiB(92%)][#f6c78d 147MiB/150MiB(97%)][#b76c62 19MiB/206MiB(9%)][#9a9a3e 46MiB/149MiB(31%)]
[DL:4.7MiB][#4593ba 506MiB/544MiB(93%)][#f6c78d 147MiB/150MiB(97%)][#b76c62 20MiB/206MiB(9%)][#9a9a3e 48MiB/149MiB(32%)]
[DL:4.7MiB][#4593ba 508MiB/544MiB(93%)][#f6c78d 147MiB/150MiB(97%)][#b76c62 20MiB/206MiB(10%)][#9a9a3e 50MiB/149MiB(33%)]
[DL:4.7MiB][#4593ba 510MiB/544MiB(93%)][#f6c78d 147MiB/150MiB(97%)][#b76c62 21MiB/206MiB(10%)][#9a9a3e 52MiB/149MiB(34%)]
[DL:4.7MiB][#4593ba 512MiB/544MiB(94%)][#f6c78d 147MiB/150MiB(98%)][#b76c62 22MiB/206MiB(10%)][#9a9a3e 54MiB/149MiB(36%)]
[DL:4.7MiB][#4593ba 514MiB/544MiB(94%)][#f6c78d 147MiB/150MiB(98%)][#b76c62 23MiB/206MiB(11%)][#9a9a3e 56MiB/149MiB(37%)]
[DL:4.7MiB][#4593ba 515MiB/544MiB(94%)][#f6c78d 148MiB/150MiB(98%)][#b76c62 23MiB/206MiB(11%)][#9a9a3e 58MiB/149MiB(39%)]
[DL:4.7MiB][#4593ba 517MiB/544MiB(94%)][#f6c78d 148MiB/150MiB(98%)][#b76c62 24MiB/206MiB(12%)][#9a9a3e 60MiB/149MiB(40%)]
[DL:4.7MiB][#4593ba 518MiB/544MiB(95%)][#f6c78d 148MiB/150MiB(98%)][#b76c62 25MiB/206MiB(12%)][#9a9a3e 62MiB/149MiB(41%)]
[DL:4.7MiB][#4593ba 520MiB/544MiB(95%)][#f6c78d 149MiB/150MiB(98%)][#b76c62 26MiB/206MiB(12%)][#9a9a3e 64MiB/149MiB(43%)]
[DL:4.7MiB][#4593ba 522MiB/544MiB(95%)][#f6c78d 149MiB/150MiB(98%)][#b76c62 27MiB/206MiB(13%)][#9a9a3e 67MiB/149MiB(44%)]
[DL:4.7MiB][#4593ba 523MiB/544MiB(96%)][#f6c78d 149MiB/150MiB(98%)][#b76c62 27MiB/206MiB(13%)][#9a9a3e 69MiB/149MiB(46%)]
 *** Download Progress Summary as of Thu Aug 27 17:47:10 2026 *** 
===============================================================================
[#4593ba 525MiB/544MiB(96%) CN:16 DL:1.7MiB ETA:10s]
FILE: /tmp/wheels/nvidia_cudnn_cu12-9.5.1.17-py3-none-manylinux_2_28_x86_64.whl
-------------------------------------------------------------------------------
[#f6c78d 149MiB/150MiB(98%) CN:6 DL:138KiB ETA:13s]
FILE: /tmp/wheels/nvidia_cusolver_cu12-11.7.1.2-py3-none-manylinux2014_x86_64.manylinux_2_17_x86_64.whl
-------------------------------------------------------------------------------
[#b76c62 28MiB/206MiB(13%) CN:16 DL:818KiB ETA:3m42s]
FILE: /tmp/wheels/nvidia_cusparse_cu12-12.5.4.2-py3-none-manylinux2014_x86_64.whl
-------------------------------------------------------------------------------
[#9a9a3e 71MiB/149MiB(47%) CN:16 DL:2.1MiB ETA:36s]
FILE: /tmp/wheels/nvidia_cusparselt_cu12-0.6.3-py3-none-manylinux2014_x86_64.whl
-------------------------------------------------------------------------------

[DL:4.7MiB][#4593ba 525MiB/544MiB(96%)][#f6c78d 149MiB/150MiB(98%)][#b76c62 28MiB/206MiB(13%)][#9a9a3e 71MiB/149MiB(47%)]
[DL:4.7MiB][#4593ba 527MiB/544MiB(96%)][#f6c78d 149MiB/150MiB(98%)][#b76c62 29MiB/206MiB(14%)][#9a9a3e 73MiB/149MiB(48%)]
[DL:4.7MiB][#4593ba 529MiB/544MiB(97%)][#f6c78d 149MiB/150MiB(98%)][#b76c62 30MiB/206MiB(14%)][#9a9a3e 75MiB/149MiB(50%)]
[DL:4.7MiB][#4593ba 531MiB/544MiB(97%)][#f6c78d 149MiB/150MiB(98%)][#b76c62 31MiB/206MiB(15%)][#9a9a3e 77MiB/149MiB(51%)]
[DL:4.7MiB][#4593ba 533MiB/544MiB(97%)][#f6c78d 149MiB/150MiB(98%)][#b76c62 32MiB/206MiB(15%)][#9a9a3e 79MiB/149MiB(52%)]
[DL:4.7MiB][#4593ba 534MiB/544MiB(98%)][#f6c78d 149MiB/150MiB(98%)][#b76c62 32MiB/206MiB(15%)][#9a9a3e 81MiB/149MiB(54%)]
[DL:4.7MiB][#4593ba 536MiB/544MiB(98%)][#f6c78d 149MiB/150MiB(98%)][#b76c62 33MiB/206MiB(16%)][#9a9a3e 83MiB/149MiB(55%)]
[DL:4.7MiB][#4593ba 537MiB/544MiB(98%)][#f6c78d 149MiB/150MiB(98%)][#b76c62 34MiB/206MiB(16%)][#9a9a3e 85MiB/149MiB(57%)]
[DL:4.7MiB][#4593ba 538MiB/544MiB(98%)][#f6c78d 149MiB/150MiB(99%)][#b76c62 35MiB/206MiB(17%)][#9a9a3e 89MiB/149MiB(59%)]
[DL:4.7MiB][#4593ba 539MiB/544MiB(98%)][#f6c78d 149MiB/150MiB(99%)][#b76c62 36MiB/206MiB(17%)][#9a9a3e 91MiB/149MiB(61%)]
[DL:4.7MiB][#4593ba 539MiB/544MiB(99%)][#f6c78d 149MiB/150MiB(99%)][#b76c62 38MiB/206MiB(18%)][#9a9a3e 94MiB/149MiB(63%)]
[DL:4.7MiB][#4593ba 539MiB/544MiB(99%)][#f6c78d 149MiB/150MiB(99%)][#b76c62 39MiB/206MiB(19%)][#9a9a3e 97MiB/149MiB(65%)]
[DL:4.7MiB][#4593ba 540MiB/544MiB(99%)][#f6c78d 149MiB/150MiB(99%)][#b76c62 41MiB/206MiB(19%)][#9a9a3e 100MiB/149MiB(67%)]
[DL:4.7MiB][#4593ba 540MiB/544MiB(99%)][#f6c78d 149MiB/150MiB(99%)][#b76c62 42MiB/206MiB(20%)][#9a9a3e 103MiB/149MiB(69%)]
[DL:4.7MiB][#4593ba 540MiB/544MiB(99%)][#f6c78d 149MiB/150MiB(99%)][#b76c62 44MiB/206MiB(21%)][#9a9a3e 106MiB/149MiB(70%)]
[DL:4.7MiB][#4593ba 541MiB/544MiB(99%)][#f6c78d 149MiB/150MiB(99%)][#b76c62 45MiB/206MiB(22%)][#9a9a3e 108MiB/149MiB(72%)]
[DL:4.7MiB][#4593ba 541MiB/544MiB(99%)][#f6c78d 149MiB/150MiB(99%)][#b76c62 47MiB/206MiB(23%)][#9a9a3e 111MiB/149MiB(74%)]
[DL:4.7MiB][#4593ba 542MiB/544MiB(99%)][#f6c78d 150MiB/150MiB(99%)][#b76c62 49MiB/206MiB(23%)][#9a9a3e 113MiB/149MiB(76%)]
[DL:4.7MiB][#4593ba 542MiB/544MiB(99%)][#f6c78d 150MiB/150MiB(99%)][#b76c62 50MiB/206MiB(24%)][#9a9a3e 116MiB/149MiB(77%)]
[DL:4.7MiB][#4593ba 542MiB/544MiB(99%)][#f6c78d 150MiB/150MiB(99%)][#b76c62 52MiB/206MiB(25%)][#9a9a3e 119MiB/149MiB(79%)]
[DL:4.7MiB][#4593ba 542MiB/544MiB(99%)][#f6c78d 150MiB/150MiB(99%)][#b76c62 54MiB/206MiB(26%)][#9a9a3e 122MiB/149MiB(81%)]
[DL:4.7MiB][#4593ba 543MiB/544MiB(99%)][#f6c78d 150MiB/150MiB(99%)][#b76c62 55MiB/206MiB(27%)][#9a9a3e 124MiB/149MiB(83%)]
[DL:4.7MiB][#4593ba 543MiB/544MiB(99%)][#f6c78d 150MiB/150MiB(99%)][#b76c62 57MiB/206MiB(28%)][#9a9a3e 127MiB/149MiB(85%)]
[DL:4.7MiB][#4593ba 543MiB/544MiB(99%)][#f6c78d 150MiB/150MiB(99%)][#b76c62 59MiB/206MiB(29%)][#9a9a3e 129MiB/149MiB(86%)]
[DL:4.7MiB][#4593ba 543MiB/544MiB(99%)][#f6c78d 150MiB/150MiB(99%)][#b76c62 61MiB/206MiB(30%)][#9a9a3e 132MiB/149MiB(88%)]
[DL:4.7MiB][#4593ba 543MiB/544MiB(99%)][#f6c78d 150MiB/150MiB(99%)][#b76c62 64MiB/206MiB(31%)][#9a9a3e 134MiB/149MiB(90%)]
[DL:4.7MiB][#4593ba 543MiB/544MiB(99%)][#f6c78d 150MiB/150MiB(99%)][#b76c62 66MiB/206MiB(32%)][#9a9a3e 137MiB/149MiB(91%)]
[DL:4.7MiB][#4593ba 543MiB/544MiB(99%)][#f6c78d 150MiB/150MiB(99%)][#b76c62 68MiB/206MiB(32%)][#9a9a3e 139MiB/149MiB(93%)]
[DL:4.7MiB][#4593ba 544MiB/544MiB(99%)][#f6c78d 150MiB/150MiB(99%)][#b76c62 70MiB/206MiB(34%)][#9a9a3e 142MiB/149MiB(94%)]
[DL:4.7MiB][#4593ba 544MiB/544MiB(99%)][#f6c78d 150MiB/150MiB(99%)][#b76c62 72MiB/206MiB(35%)][#9a9a3e 144MiB/149MiB(96%)]
[DL:4.7MiB][#4593ba 544MiB/544MiB(99%)][#f6c78d 150MiB/150MiB(99%)][#b76c62 75MiB/206MiB(36%)][#9a9a3e 145MiB/149MiB(97%)]
[DL:4.7MiB][#4593ba 544MiB/544MiB(99%)][#f6c78d 150MiB/150MiB(99%)][#b76c62 79MiB/206MiB(38%)][#9a9a3e 147MiB/149MiB(98%)]
[DL:4.7MiB][#4593ba 544MiB/544MiB(99%)][#f6c78d 150MiB/150MiB(99%)][#b76c62 82MiB/206MiB(40%)][#9a9a3e 147MiB/149MiB(98%)]
[DL:4.7MiB][#4593ba 544MiB/544MiB(99%)][#f6c78d 150MiB/150MiB(99%)][#b76c62 87MiB/206MiB(42%)][#9a9a3e 148MiB/149MiB(99%)]
[DL:4.6MiB][#f6c78d 150MiB/150MiB(99%)][#b76c62 89MiB/206MiB(43%)][#9a9a3e 148MiB/149MiB(99%)][#07aa9b 1.2MiB/191MiB(0%)]
[DL:4.6MiB][#f6c78d 150MiB/150MiB(99%)][#b76c62 92MiB/206MiB(44%)][#9a9a3e 148MiB/149MiB(99%)][#07aa9b 3.5MiB/191MiB(1%)]
[DL:4.7MiB][#f6c78d 150MiB/150MiB(99%)][#b76c62 94MiB/206MiB(45%)][#9a9a3e 148MiB/149MiB(99%)][#07aa9b 5.9MiB/191MiB(3%)]
[DL:4.7MiB][#f6c78d 150MiB/150MiB(99%)][#b76c62 96MiB/206MiB(46%)][#9a9a3e 148MiB/149MiB(99%)][#07aa9b 8.1MiB/191MiB(4%)]
[DL:4.6MiB][#f6c78d 150MiB/150MiB(99%)][#b76c62 98MiB/206MiB(47%)][#9a9a3e 148MiB/149MiB(99%)][#07aa9b 10MiB/191MiB(5%)]
[DL:4.6MiB][#f6c78d 150MiB/150MiB(99%)][#b76c62 100MiB/206MiB(48%)][#9a9a3e 148MiB/149MiB(99%)][#07aa9b 13MiB/191MiB(6%)]
[DL:4.7MiB][#f6c78d 150MiB/150MiB(99%)][#b76c62 103MiB/206MiB(49%)][#9a9a3e 148MiB/149MiB(99%)][#07aa9b 15MiB/191MiB(8%)]
[DL:4.7MiB][#f6c78d 150MiB/150MiB(99%)][#b76c62 105MiB/206MiB(50%)][#9a9a3e 148MiB/149MiB(99%)][#07aa9b 18MiB/191MiB(9%)]
[DL:4.7MiB][#f6c78d 150MiB/150MiB(99%)][#b76c62 107MiB/206MiB(51%)][#9a9a3e 148MiB/149MiB(99%)][#07aa9b 21MiB/191MiB(10%)]
[DL:4.7MiB][#f6c78d 150MiB/150MiB(99%)][#b76c62 109MiB/206MiB(52%)][#9a9a3e 148MiB/149MiB(99%)][#07aa9b 23MiB/191MiB(12%)]
[DL:4.7MiB][#b76c62 111MiB/206MiB(54%)][#9a9a3e 148MiB/149MiB(99%)][#07aa9b 25MiB/191MiB(13%)][#e895bc 0B/0B]
[DL:4.7MiB][#b76c62 113MiB/206MiB(54%)][#9a9a3e 148MiB/149MiB(99%)][#07aa9b 27MiB/191MiB(14%)][#e895bc 784KiB/18MiB(4%)]
[DL:4.7MiB][#b76c62 114MiB/206MiB(55%)][#9a9a3e 148MiB/149MiB(99%)][#07aa9b 29MiB/191MiB(15%)][#e895bc 2.5MiB/18MiB(13%)]
[DL:4.7MiB][#b76c62 116MiB/206MiB(56%)][#9a9a3e 148MiB/149MiB(99%)][#07aa9b 30MiB/191MiB(16%)][#e895bc 4.3MiB/18MiB(23%)]
[DL:4.7MiB][#b76c62 117MiB/206MiB(56%)][#9a9a3e 148MiB/149MiB(99%)][#07aa9b 32MiB/191MiB(16%)][#e895bc 6.2MiB/18MiB(33%)]
[DL:4.7MiB][#b76c62 119MiB/206MiB(57%)][#9a9a3e 148MiB/149MiB(99%)][#07aa9b 33MiB/191MiB(17%)][#e895bc 8.0MiB/18MiB(42%)]
[DL:4.7MiB][#b76c62 120MiB/206MiB(58%)][#9a9a3e 148MiB/149MiB(99%)][#07aa9b 34MiB/191MiB(18%)][#e895bc 9.7MiB/18MiB(51%)]
[DL:4.7MiB][#b76c62 122MiB/206MiB(59%)][#9a9a3e 148MiB/149MiB(99%)][#07aa9b 36MiB/191MiB(19%)][#e895bc 10MiB/18MiB(57%)]
[DL:4.7MiB][#b76c62 124MiB/206MiB(60%)][#9a9a3e 148MiB/149MiB(99%)][#07aa9b 38MiB/191MiB(20%)][#e895bc 11MiB/18MiB(59%)]
[DL:4.7MiB][#b76c62 127MiB/206MiB(61%)][#9a9a3e 149MiB/149MiB(99%)][#07aa9b 40MiB/191MiB(21%)][#e895bc 11MiB/18MiB(61%)]
[DL:4.7MiB][#b76c62 129MiB/206MiB(62%)][#9a9a3e 149MiB/149MiB(99%)][#07aa9b 43MiB/191MiB(22%)][#e895bc 11MiB/18MiB(61%)]
[DL:4.7MiB][#b76c62 131MiB/206MiB(63%)][#07aa9b 45MiB/191MiB(23%)][#e895bc 11MiB/18MiB(62%)][#769701 0B/0B]
[DL:4.7MiB][#b76c62 133MiB/206MiB(64%)][#07aa9b 46MiB/191MiB(24%)][#e895bc 11MiB/18MiB(63%)][#769701 832KiB/57MiB(1%)]
[DL:4.7MiB][#b76c62 134MiB/206MiB(65%)][#07aa9b 48MiB/191MiB(25%)][#e895bc 11MiB/18MiB(63%)][#769701 2.4MiB/57MiB(4%)]
[DL:4.7MiB][#b76c62 136MiB/206MiB(65%)][#07aa9b 49MiB/191MiB(26%)][#e895bc 12MiB/18MiB(64%)][#769701 4.0MiB/57MiB(7%)]
[DL:4.7MiB][#b76c62 137MiB/206MiB(66%)][#07aa9b 51MiB/191MiB(26%)][#e895bc 12MiB/18MiB(64%)][#769701 5.6MiB/57MiB(9%)]
[DL:4.7MiB][#b76c62 139MiB/206MiB(67%)][#07aa9b 52MiB/191MiB(27%)][#e895bc 12MiB/18MiB(65%)][#769701 7.2MiB/57MiB(12%)]
 *** Download Progress Summary as of Thu Aug 27 17:48:10 2026 *** 
===============================================================================
[#b76c62 140MiB/206MiB(68%) CN:16 DL:1.8MiB ETA:36s]
FILE: /tmp/wheels/nvidia_cusparse_cu12-12.5.4.2-py3-none-manylinux2014_x86_64.whl
-------------------------------------------------------------------------------
[#07aa9b 54MiB/191MiB(28%) CN:16 DL:1.7MiB ETA:1m17s]
FILE: /tmp/wheels/nvidia_nccl_cu12-2.26.2-py3-none-manylinux2014_x86_64.manylinux_2_17_x86_64.whl
-------------------------------------------------------------------------------
[#e895bc 12MiB/18MiB(65%) CN:8 DL:163KiB ETA:40s]
FILE: /tmp/wheels/nvidia_nvjitlink_cu12-12.6.85-py3-none-manylinux2010_x86_64.manylinux_2_12_x86_64.whl
-------------------------------------------------------------------------------
[#769701 8.8MiB/57MiB(15%) CN:16 DL:1.5MiB ETA:31s]
FILE: /tmp/wheels/opencv_python_headless-4.13.0.92-cp37-abi3-manylinux_2_28_x86_64.whl
-------------------------------------------------------------------------------

[DL:4.7MiB][#b76c62 140MiB/206MiB(68%)][#07aa9b 54MiB/191MiB(28%)][#e895bc 12MiB/18MiB(65%)][#769701 8.8MiB/57MiB(15%)]
[DL:4.7MiB][#b76c62 142MiB/206MiB(68%)][#07aa9b 56MiB/191MiB(29%)][#e895bc 12MiB/18MiB(66%)][#769701 10MiB/57MiB(17%)]
[DL:4.7MiB][#b76c62 143MiB/206MiB(69%)][#07aa9b 57MiB/191MiB(29%)][#e895bc 12MiB/18MiB(66%)][#769701 11MiB/57MiB(20%)]
[DL:4.7MiB][#b76c62 145MiB/206MiB(70%)][#07aa9b 59MiB/191MiB(30%)][#e895bc 12MiB/18MiB(67%)][#769701 13MiB/57MiB(23%)]
[DL:4.7MiB][#b76c62 147MiB/206MiB(71%)][#07aa9b 60MiB/191MiB(31%)][#e895bc 12MiB/18MiB(67%)][#769701 14MiB/57MiB(25%)]
[DL:4.7MiB][#b76c62 148MiB/206MiB(71%)][#07aa9b 62MiB/191MiB(32%)][#e895bc 12MiB/18MiB(68%)][#769701 16MiB/57MiB(28%)]
[DL:4.7MiB][#b76c62 150MiB/206MiB(72%)][#07aa9b 63MiB/191MiB(33%)][#e895bc 12MiB/18MiB(68%)][#769701 17MiB/57MiB(30%)]
[DL:4.7MiB][#b76c62 151MiB/206MiB(73%)][#07aa9b 65MiB/191MiB(34%)][#e895bc 12MiB/18MiB(68%)][#769701 19MiB/57MiB(33%)]
[DL:4.7MiB][#b76c62 153MiB/206MiB(74%)][#07aa9b 66MiB/191MiB(34%)][#e895bc 12MiB/18MiB(68%)][#769701 20MiB/57MiB(35%)]
[DL:4.7MiB][#b76c62 155MiB/206MiB(75%)][#07aa9b 68MiB/191MiB(35%)][#e895bc 12MiB/18MiB(68%)][#769701 21MiB/57MiB(37%)]
[DL:4.7MiB][#b76c62 156MiB/206MiB(75%)][#07aa9b 70MiB/191MiB(36%)][#e895bc 13MiB/18MiB(69%)][#769701 23MiB/57MiB(40%)]
[DL:4.7MiB][#b76c62 158MiB/206MiB(76%)][#07aa9b 71MiB/191MiB(37%)][#e895bc 13MiB/18MiB(69%)][#769701 24MiB/57MiB(42%)]
[DL:4.7MiB][#b76c62 160MiB/206MiB(77%)][#07aa9b 73MiB/191MiB(38%)][#e895bc 13MiB/18MiB(69%)][#769701 25MiB/57MiB(44%)]
[DL:4.7MiB][#b76c62 162MiB/206MiB(78%)][#07aa9b 74MiB/191MiB(39%)][#e895bc 13MiB/18MiB(69%)][#769701 27MiB/57MiB(47%)]
[DL:4.7MiB][#b76c62 163MiB/206MiB(79%)][#07aa9b 76MiB/191MiB(39%)][#e895bc 13MiB/18MiB(70%)][#769701 28MiB/57MiB(49%)]
[DL:4.7MiB][#b76c62 165MiB/206MiB(80%)][#07aa9b 77MiB/191MiB(40%)][#e895bc 13MiB/18MiB(70%)][#769701 29MiB/57MiB(51%)]
[DL:4.7MiB][#b76c62 167MiB/206MiB(80%)][#07aa9b 79MiB/191MiB(41%)][#e895bc 13MiB/18MiB(70%)][#769701 31MiB/57MiB(54%)]
[DL:4.7MiB][#b76c62 168MiB/206MiB(81%)][#07aa9b 80MiB/191MiB(42%)][#e895bc 13MiB/18MiB(70%)][#769701 32MiB/57MiB(56%)]
[DL:4.7MiB][#b76c62 170MiB/206MiB(82%)][#07aa9b 82MiB/191MiB(42%)][#e895bc 13MiB/18MiB(70%)][#769701 34MiB/57MiB(59%)]
[DL:4.7MiB][#b76c62 172MiB/206MiB(83%)][#07aa9b 83MiB/191MiB(43%)][#e895bc 13MiB/18MiB(71%)][#769701 35MiB/57MiB(62%)]
[DL:4.7MiB][#b76c62 174MiB/206MiB(84%)][#07aa9b 84MiB/191MiB(44%)][#e895bc 13MiB/18MiB(71%)][#769701 37MiB/57MiB(64%)]
[DL:4.7MiB][#b76c62 176MiB/206MiB(85%)][#07aa9b 86MiB/191MiB(44%)][#e895bc 13MiB/18MiB(72%)][#769701 38MiB/57MiB(67%)]
[DL:4.7MiB][#b76c62 177MiB/206MiB(86%)][#07aa9b 87MiB/191MiB(45%)][#e895bc 13MiB/18MiB(72%)][#769701 40MiB/57MiB(69%)]
[DL:4.6MiB][#b76c62 179MiB/206MiB(86%)][#07aa9b 89MiB/191MiB(46%)][#e895bc 13MiB/18MiB(72%)][#769701 41MiB/57MiB(72%)]
[DL:4.7MiB][#b76c62 181MiB/206MiB(88%)][#07aa9b 90MiB/191MiB(46%)][#e895bc 13MiB/18MiB(73%)][#769701 42MiB/57MiB(74%)]
[DL:4.7MiB][#b76c62 184MiB/206MiB(89%)][#07aa9b 91MiB/191MiB(47%)][#e895bc 13MiB/18MiB(73%)][#769701 44MiB/57MiB(76%)]
[DL:4.7MiB][#b76c62 186MiB/206MiB(90%)][#07aa9b 92MiB/191MiB(48%)][#e895bc 13MiB/18MiB(73%)][#769701 45MiB/57MiB(79%)]
[DL:4.7MiB][#b76c62 188MiB/206MiB(91%)][#07aa9b 94MiB/191MiB(48%)][#e895bc 13MiB/18MiB(73%)][#769701 46MiB/57MiB(81%)]
[DL:4.7MiB][#b76c62 190MiB/206MiB(92%)][#07aa9b 95MiB/191MiB(49%)][#e895bc 13MiB/18MiB(73%)][#769701 48MiB/57MiB(83%)]
[DL:4.7MiB][#b76c62 192MiB/206MiB(93%)][#07aa9b 96MiB/191MiB(50%)][#e895bc 13MiB/18MiB(73%)][#769701 49MiB/57MiB(86%)]
[DL:4.7MiB][#b76c62 194MiB/206MiB(94%)][#07aa9b 98MiB/191MiB(51%)][#e895bc 13MiB/18MiB(73%)][#769701 50MiB/57MiB(87%)]
[DL:4.7MiB][#b76c62 196MiB/206MiB(95%)][#07aa9b 100MiB/191MiB(52%)][#e895bc 13MiB/18MiB(73%)][#769701 51MiB/57MiB(89%)]
[DL:4.7MiB][#b76c62 199MiB/206MiB(96%)][#07aa9b 101MiB/191MiB(53%)][#e895bc 13MiB/18MiB(73%)][#769701 51MiB/57MiB(89%)]
[DL:4.7MiB][#b76c62 201MiB/206MiB(97%)][#07aa9b 103MiB/191MiB(53%)][#e895bc 13MiB/18MiB(74%)][#769701 51MiB/57MiB(90%)]
[DL:4.7MiB][#b76c62 204MiB/206MiB(98%)][#07aa9b 105MiB/191MiB(55%)][#e895bc 14MiB/18MiB(74%)][#769701 52MiB/57MiB(90%)]
[DL:4.7MiB][#b76c62 205MiB/206MiB(99%)][#07aa9b 108MiB/191MiB(56%)][#e895bc 14MiB/18MiB(76%)][#769701 52MiB/57MiB(90%)]
[DL:4.7MiB][#b76c62 206MiB/206MiB(99%)][#07aa9b 112MiB/191MiB(58%)][#e895bc 14MiB/18MiB(77%)][#769701 52MiB/57MiB(90%)]
[DL:4.7MiB][#b76c62 206MiB/206MiB(99%)][#07aa9b 116MiB/191MiB(60%)][#e895bc 14MiB/18MiB(79%)][#769701 52MiB/57MiB(91%)]
[DL:4.7MiB][#07aa9b 120MiB/191MiB(62%)][#e895bc 15MiB/18MiB(80%)][#769701 52MiB/57MiB(91%)][#082a04 16KiB/151KiB(10%)]
[DL:4.7MiB][#07aa9b 125MiB/191MiB(65%)][#e895bc 15MiB/18MiB(81%)][#769701 52MiB/57MiB(91%)][#082a04 112KiB/151KiB(73%)]
[DL:4.7MiB][#07aa9b 129MiB/191MiB(67%)][#e895bc 15MiB/18MiB(82%)][#769701 52MiB/57MiB(91%)][#7e9909 308KiB/1.1MiB(25%)]
[DL:4.7MiB][#07aa9b 132MiB/191MiB(69%)][#e895bc 15MiB/18MiB(83%)][#769701 53MiB/57MiB(92%)][#7e9909 500KiB/1.1MiB(41%)]
[DL:4.7MiB][#07aa9b 137MiB/191MiB(71%)][#e895bc 16MiB/18MiB(85%)][#769701 53MiB/57MiB(92%)][#7e9909 724KiB/1.1MiB(59%)]
[DL:4.7MiB][#07aa9b 141MiB/191MiB(73%)][#e895bc 16MiB/18MiB(86%)][#769701 53MiB/57MiB(92%)][#7e9909 0.9MiB/1.1MiB(76%)]
[DL:4.7MiB][#07aa9b 145MiB/191MiB(75%)][#e895bc 16MiB/18MiB(87%)][#769701 53MiB/57MiB(92%)][#7e9909 1.1MiB/1.1MiB(94%)]
[DL:4.7MiB][#07aa9b 149MiB/191MiB(78%)][#e895bc 16MiB/18MiB(88%)][#769701 53MiB/57MiB(93%)][#ccffa1 32KiB/783KiB(4%)]
[DL:4.7MiB][#07aa9b 154MiB/191MiB(80%)][#e895bc 16MiB/18MiB(88%)][#769701 53MiB/57MiB(93%)][#ccffa1 160KiB/783KiB(20%)]
[DL:4.7MiB][#07aa9b 158MiB/191MiB(82%)][#e895bc 16MiB/18MiB(88%)][#769701 53MiB/57MiB(93%)][#ccffa1 288KiB/783KiB(36%)]
[DL:4.7MiB][#07aa9b 163MiB/191MiB(85%)][#e895bc 16MiB/18MiB(88%)][#769701 53MiB/57MiB(93%)][#ccffa1 400KiB/783KiB(51%)]
[DL:4.7MiB][#07aa9b 167MiB/191MiB(87%)][#e895bc 16MiB/18MiB(88%)][#769701 54MiB/57MiB(93%)][#ccffa1 528KiB/783KiB(67%)]
[DL:4.7MiB][#07aa9b 172MiB/191MiB(89%)][#e895bc 16MiB/18MiB(88%)][#769701 54MiB/57MiB(94%)][#ccffa1 624KiB/783KiB(79%)]
[DL:4.7MiB][#07aa9b 176MiB/191MiB(91%)][#e895bc 16MiB/18MiB(89%)][#769701 54MiB/57MiB(94%)][#ccffa1 752KiB/783KiB(96%)]
[DL:4.7MiB][#07aa9b 180MiB/191MiB(93%)][#e895bc 17MiB/18MiB(90%)][#769701 54MiB/57MiB(94%)][#04a2d7 0B/0B]
[DL:4.7MiB][#07aa9b 183MiB/191MiB(95%)][#e895bc 17MiB/18MiB(93%)][#769701 54MiB/57MiB(95%)][#ef6d9c 64KiB/1.0MiB(6%)]
[DL:4.7MiB][#07aa9b 186MiB/191MiB(97%)][#e895bc 17MiB/18MiB(93%)][#769701 54MiB/57MiB(95%)][#f5c0eb 272KiB/6.0MiB(4%)]
[DL:4.7MiB][#07aa9b 189MiB/191MiB(98%)][#e895bc 17MiB/18MiB(94%)][#769701 54MiB/57MiB(95%)][#f5c0eb 2.6MiB/6.0MiB(44%)]
[DL:4.7MiB][#07aa9b 190MiB/191MiB(99%)][#e895bc 18MiB/18MiB(96%)][#769701 55MiB/57MiB(96%)][#f5c0eb 4.9MiB/6.0MiB(82%)]
[DL:4.5MiB][#07aa9b 191MiB/191MiB(99%)][#769701 56MiB/57MiB(98%)][#f5c0eb 5.5MiB/6.0MiB(91%)][#ff5e7c 0B/0B]
[DL:4.3MiB][#07aa9b 191MiB/191MiB(99%)][#769701 56MiB/57MiB(98%)][#f5c0eb 5.8MiB/6.0MiB(97%)][#ff5e7c 2.6MiB/3.1MiB(83%)]
[DL:4.3MiB][#07aa9b 191MiB/191MiB(99%)][#769701 56MiB/57MiB(98%)][#ff5e7c 3.0MiB/3.1MiB(97%)][#2722a8 3.9MiB/782MiB(0%)]
[DL:4.4MiB][#07aa9b 191MiB/191MiB(99%)][#769701 56MiB/57MiB(98%)][#2722a8 8.8MiB/782MiB(1%)][#c3c494 0B/0B]
 *** Download Progress Summary as of Thu Aug 27 17:49:11 2026 *** 
===============================================================================
[#769701 56MiB/57MiB(98%) CN:1 DL:226KiB ETA:4s]
FILE: /tmp/wheels/opencv_python_headless-4.13.0.92-cp37-abi3-manylinux_2_28_x86_64.whl
-------------------------------------------------------------------------------
[#2722a8 13MiB/782MiB(1%) CN:16 DL:5.2MiB ETA:2m26s]
FILE: /tmp/wheels/torch-2.7.1-cp312-cp312-manylinux_2_28_x86_64.whl
-------------------------------------------------------------------------------
[#c3c494 0B/0B CN:1 DL:0B]
FILE: /tmp/wheels/torchvision-0.22.1-cp312-cp312-manylinux_2_28_x86_64.whl
-------------------------------------------------------------------------------
[#aa98d1 0B/0B CN:1 DL:0B]
FILE: /tmp/wheels/transformers-5.5.4-py3-none-any.whl
-------------------------------------------------------------------------------

[DL:4.4MiB][#769701 56MiB/57MiB(98%)][#2722a8 13MiB/782MiB(1%)][#c3c494 0B/0B][#aa98d1 0B/0B]
[DL:4.4MiB][#769701 56MiB/57MiB(98%)][#2722a8 16MiB/782MiB(2%)][#c3c494 496KiB/7.1MiB(6%)][#aa98d1 576KiB/9.7MiB(5%)]
[DL:4.4MiB][#769701 56MiB/57MiB(98%)][#2722a8 19MiB/782MiB(2%)][#c3c494 1.2MiB/7.1MiB(18%)][#aa98d1 1.4MiB/9.7MiB(15%)]
[DL:4.4MiB][#769701 56MiB/57MiB(98%)][#2722a8 21MiB/782MiB(2%)][#c3c494 2.8MiB/7.1MiB(40%)][#aa98d1 2.3MiB/9.7MiB(23%)]
[DL:4.4MiB][#769701 56MiB/57MiB(98%)][#2722a8 24MiB/782MiB(3%)][#c3c494 3.9MiB/7.1MiB(55%)][#aa98d1 3.3MiB/9.7MiB(34%)]
[DL:4.5MiB][#769701 56MiB/57MiB(98%)][#2722a8 27MiB/782MiB(3%)][#c3c494 4.5MiB/7.1MiB(64%)][#aa98d1 4.1MiB/9.7MiB(42%)]
[DL:4.7MiB][#769701 56MiB/57MiB(98%)][#2722a8 31MiB/782MiB(3%)][#c3c494 5.0MiB/7.1MiB(70%)][#aa98d1 4.9MiB/9.7MiB(50%)]
[DL:4.7MiB][#769701 57MiB/57MiB(99%)][#2722a8 34MiB/782MiB(4%)][#c3c494 5.4MiB/7.1MiB(75%)][#aa98d1 5.8MiB/9.7MiB(60%)]
[DL:4.7MiB][#769701 57MiB/57MiB(99%)][#2722a8 37MiB/782MiB(4%)][#c3c494 5.6MiB/7.1MiB(79%)][#aa98d1 6.7MiB/9.7MiB(68%)]
[DL:4.7MiB][#2722a8 40MiB/782MiB(5%)][#c3c494 5.9MiB/7.1MiB(82%)][#aa98d1 7.2MiB/9.7MiB(74%)][#44450d 480KiB/148MiB(0%)]
[DL:4.7MiB][#2722a8 42MiB/782MiB(5%)][#c3c494 6.0MiB/7.1MiB(84%)][#aa98d1 7.5MiB/9.7MiB(76%)][#44450d 2.3MiB/148MiB(1%)]
[DL:4.7MiB][#2722a8 44MiB/782MiB(5%)][#c3c494 6.1MiB/7.1MiB(86%)][#aa98d1 7.8MiB/9.7MiB(80%)][#44450d 4.5MiB/148MiB(3%)]
[DL:4.7MiB][#2722a8 47MiB/782MiB(6%)][#c3c494 6.2MiB/7.1MiB(87%)][#aa98d1 8.1MiB/9.7MiB(83%)][#44450d 6.5MiB/148MiB(4%)]
[DL:4.7MiB][#2722a8 49MiB/782MiB(6%)][#c3c494 6.5MiB/7.1MiB(91%)][#aa98d1 8.3MiB/9.7MiB(85%)][#44450d 8.6MiB/148MiB(5%)]
[DL:4.7MiB][#2722a8 51MiB/782MiB(6%)][#c3c494 6.7MiB/7.1MiB(94%)][#aa98d1 8.5MiB/9.7MiB(87%)][#44450d 10MiB/148MiB(7%)]
[DL:4.7MiB][#2722a8 53MiB/782MiB(6%)][#c3c494 6.9MiB/7.1MiB(97%)][#aa98d1 8.6MiB/9.7MiB(88%)][#44450d 13MiB/148MiB(8%)]
[DL:4.7MiB][#2722a8 55MiB/782MiB(7%)][#c3c494 6.9MiB/7.1MiB(97%)][#aa98d1 8.9MiB/9.7MiB(91%)][#44450d 15MiB/148MiB(10%)]
[DL:4.7MiB][#2722a8 57MiB/782MiB(7%)][#c3c494 6.9MiB/7.1MiB(97%)][#aa98d1 9.3MiB/9.7MiB(95%)][#44450d 17MiB/148MiB(11%)]
[DL:4.7MiB][#2722a8 59MiB/782MiB(7%)][#c3c494 6.9MiB/7.1MiB(97%)][#aa98d1 9.5MiB/9.7MiB(98%)][#44450d 20MiB/148MiB(13%)]
[DL:4.7MiB][#2722a8 62MiB/782MiB(7%)][#c3c494 6.9MiB/7.1MiB(98%)][#aa98d1 9.5MiB/9.7MiB(98%)][#44450d 22MiB/148MiB(15%)]
[DL:4.7MiB][#2722a8 64MiB/782MiB(8%)][#c3c494 6.9MiB/7.1MiB(98%)][#aa98d1 9.6MiB/9.7MiB(99%)][#44450d 25MiB/148MiB(16%)]
[DL:4.7MiB][#2722a8 66MiB/782MiB(8%)][#c3c494 6.9MiB/7.1MiB(98%)][#aa98d1 9.7MiB/9.7MiB(99%)][#44450d 27MiB/148MiB(18%)]
[DL:4.7MiB][#2722a8 68MiB/782MiB(8%)][#c3c494 7.0MiB/7.1MiB(98%)][#44450d 29MiB/148MiB(20%)][#3439ed 64KiB/119KiB(53%)]
[DL:4.7MiB][#2722a8 70MiB/782MiB(9%)][#c3c494 7.1MiB/7.1MiB(99%)][#44450d 32MiB/148MiB(21%)][#88ad5a 16KiB/128KiB(12%)]
[DL:4.7MiB][#2722a8 72MiB/782MiB(9%)][#44450d 34MiB/148MiB(23%)]
[DL:4.7MiB][#2722a8 75MiB/782MiB(9%)][#44450d 37MiB/148MiB(25%)]
[DL:4.7MiB][#2722a8 77MiB/782MiB(9%)][#44450d 40MiB/148MiB(27%)]
[DL:4.7MiB][#2722a8 79MiB/782MiB(10%)][#44450d 42MiB/148MiB(28%)]
[DL:4.7MiB][#2722a8 81MiB/782MiB(10%)][#44450d 45MiB/148MiB(30%)]
[DL:4.7MiB][#2722a8 83MiB/782MiB(10%)][#44450d 48MiB/148MiB(32%)]
[DL:4.7MiB][#2722a8 85MiB/782MiB(10%)][#44450d 50MiB/148MiB(34%)]
[DL:4.7MiB][#2722a8 87MiB/782MiB(11%)][#44450d 53MiB/148MiB(35%)]
[DL:4.7MiB][#2722a8 90MiB/782MiB(11%)][#44450d 55MiB/148MiB(37%)]
[DL:4.7MiB][#2722a8 92MiB/782MiB(11%)][#44450d 58MiB/148MiB(39%)]
[DL:4.7MiB][#2722a8 94MiB/782MiB(12%)][#44450d 60MiB/148MiB(40%)]
[DL:4.7MiB][#2722a8 96MiB/782MiB(12%)][#44450d 63MiB/148MiB(42%)]
[DL:4.7MiB][#2722a8 98MiB/782MiB(12%)][#44450d 65MiB/148MiB(44%)]
[DL:4.7MiB][#2722a8 101MiB/782MiB(12%)][#44450d 68MiB/148MiB(45%)]
[DL:4.7MiB][#2722a8 103MiB/782MiB(13%)][#44450d 70MiB/148MiB(47%)]
[DL:4.7MiB][#2722a8 105MiB/782MiB(13%)][#44450d 72MiB/148MiB(48%)]
[DL:4.7MiB][#2722a8 108MiB/782MiB(13%)][#44450d 75MiB/148MiB(50%)]
[DL:4.7MiB][#2722a8 110MiB/782MiB(14%)][#44450d 77MiB/148MiB(52%)]
[DL:4.7MiB][#2722a8 112MiB/782MiB(14%)][#44450d 80MiB/148MiB(53%)]
[DL:4.7MiB][#2722a8 114MiB/782MiB(14%)][#44450d 82MiB/148MiB(55%)]
[DL:4.7MiB][#2722a8 116MiB/782MiB(14%)][#44450d 85MiB/148MiB(57%)]
[DL:4.7MiB][#2722a8 119MiB/782MiB(15%)][#44450d 87MiB/148MiB(58%)]
[DL:4.7MiB][#2722a8 121MiB/782MiB(15%)][#44450d 89MiB/148MiB(60%)]
[DL:4.7MiB][#2722a8 124MiB/782MiB(15%)][#44450d 92MiB/148MiB(61%)]
[DL:4.7MiB][#2722a8 126MiB/782MiB(16%)][#44450d 94MiB/148MiB(63%)]
[DL:4.7MiB][#2722a8 129MiB/782MiB(16%)][#44450d 96MiB/148MiB(65%)]
[DL:4.7MiB][#2722a8 131MiB/782MiB(16%)][#44450d 98MiB/148MiB(66%)]
[DL:4.7MiB][#2722a8 134MiB/782MiB(17%)][#44450d 101MiB/148MiB(68%)]
[DL:4.7MiB][#2722a8 136MiB/782MiB(17%)][#44450d 103MiB/148MiB(69%)]
[DL:4.7MiB][#2722a8 139MiB/782MiB(17%)][#44450d 105MiB/148MiB(71%)]
[DL:4.7MiB][#2722a8 141MiB/782MiB(18%)][#44450d 107MiB/148MiB(72%)]
[DL:4.7MiB][#2722a8 143MiB/782MiB(18%)][#44450d 110MiB/148MiB(74%)]
[DL:4.7MiB][#2722a8 146MiB/782MiB(18%)][#44450d 112MiB/148MiB(75%)]
[DL:4.7MiB][#2722a8 148MiB/782MiB(18%)][#44450d 115MiB/148MiB(77%)]
[DL:4.7MiB][#2722a8 150MiB/782MiB(19%)][#44450d 117MiB/148MiB(79%)]
[DL:4.7MiB][#2722a8 152MiB/782MiB(19%)][#44450d 119MiB/148MiB(80%)]
[DL:4.7MiB][#2722a8 155MiB/782MiB(19%)][#44450d 122MiB/148MiB(82%)]
 *** Download Progress Summary as of Thu Aug 27 17:50:11 2026 *** 
===============================================================================
[#2722a8 157MiB/782MiB(20%) CN:16 DL:2.3MiB ETA:4m25s]
FILE: /tmp/wheels/torch-2.7.1-cp312-cp312-manylinux_2_28_x86_64.whl
-------------------------------------------------------------------------------
[#44450d 124MiB/148MiB(84%) CN:16 DL:2.3MiB ETA:9s]
FILE: /tmp/wheels/triton-3.3.1-cp312-cp312-manylinux_2_27_x86_64.manylinux_2_28_x86_64.whl
-------------------------------------------------------------------------------

[DL:4.7MiB][#2722a8 157MiB/782MiB(20%)][#44450d 124MiB/148MiB(84%)]
[DL:4.7MiB][#2722a8 159MiB/782MiB(20%)][#44450d 127MiB/148MiB(85%)]
[DL:4.7MiB][#2722a8 161MiB/782MiB(20%)][#44450d 129MiB/148MiB(87%)]
[DL:4.7MiB][#2722a8 164MiB/782MiB(20%)][#44450d 132MiB/148MiB(88%)]
[DL:4.7MiB][#2722a8 166MiB/782MiB(21%)][#44450d 134MiB/148MiB(90%)]
[DL:4.7MiB][#2722a8 168MiB/782MiB(21%)][#44450d 136MiB/148MiB(92%)]
[DL:4.7MiB][#2722a8 171MiB/782MiB(21%)][#44450d 139MiB/148MiB(93%)]
[DL:4.7MiB][#2722a8 173MiB/782MiB(22%)][#44450d 141MiB/148MiB(95%)]
[DL:4.7MiB][#2722a8 176MiB/782MiB(22%)][#44450d 143MiB/148MiB(96%)]
[DL:4.7MiB][#2722a8 179MiB/782MiB(22%)][#44450d 145MiB/148MiB(97%)]
[DL:4.7MiB][#2722a8 183MiB/782MiB(23%)][#44450d 146MiB/148MiB(98%)]
[DL:4.7MiB][#2722a8 187MiB/782MiB(23%)][#44450d 147MiB/148MiB(99%)]
[DL:4.7MiB][#2722a8 191MiB/782MiB(24%)][#44450d 147MiB/148MiB(99%)]
[DL:4.7MiB][#2722a8 195MiB/782MiB(25%)][#44450d 147MiB/148MiB(99%)]
[DL:4.7MiB][#2722a8 200MiB/782MiB(25%)][#44450d 148MiB/148MiB(99%)]
[DL:4.7MiB][#2722a8 204MiB/782MiB(26%)][#44450d 148MiB/148MiB(99%)]
[DL:4.7MiB][#2722a8 209MiB/782MiB(26%)][#44450d 148MiB/148MiB(99%)]
[DL:4.7MiB][#2722a8 214MiB/782MiB(27%)][#44450d 148MiB/148MiB(99%)]
[DL:4.7MiB][#2722a8 218MiB/782MiB(27%)][#44450d 148MiB/148MiB(99%)]
[#2722a8 223MiB/782MiB(28%) CN:16 DL:4.4MiB ETA:2m6s]
[#2722a8 228MiB/782MiB(29%) CN:16 DL:4.5MiB ETA:2m1s]
[#2722a8 232MiB/782MiB(29%) CN:16 DL:4.6MiB ETA:1m58s]
[#2722a8 237MiB/782MiB(30%) CN:16 DL:4.6MiB ETA:1m56s]
[#2722a8 242MiB/782MiB(30%) CN:16 DL:4.6MiB ETA:1m55s]
[#2722a8 247MiB/782MiB(31%) CN:16 DL:4.7MiB ETA:1m53s]
[#2722a8 251MiB/782MiB(32%) CN:16 DL:4.7MiB ETA:1m52s]
[#2722a8 256MiB/782MiB(32%) CN:16 DL:4.7MiB ETA:1m51s]
[#2722a8 261MiB/782MiB(33%) CN:16 DL:4.7MiB ETA:1m49s]
[#2722a8 265MiB/782MiB(33%) CN:16 DL:4.7MiB ETA:1m48s]
[#2722a8 270MiB/782MiB(34%) CN:16 DL:4.7MiB ETA:1m47s]
[#2722a8 275MiB/782MiB(35%) CN:16 DL:4.7MiB ETA:1m46s]
[#2722a8 280MiB/782MiB(35%) CN:16 DL:4.7MiB ETA:1m45s]
[#2722a8 284MiB/782MiB(36%) CN:16 DL:4.7MiB ETA:1m44s]
[#2722a8 289MiB/782MiB(36%) CN:16 DL:4.7MiB ETA:1m43s]
[#2722a8 294MiB/782MiB(37%) CN:16 DL:4.7MiB ETA:1m42s]
[#2722a8 298MiB/782MiB(38%) CN:16 DL:4.7MiB ETA:1m41s]
[#2722a8 303MiB/782MiB(38%) CN:16 DL:4.7MiB ETA:1m40s]
[#2722a8 308MiB/782MiB(39%) CN:16 DL:4.7MiB ETA:1m39s]
[#2722a8 312MiB/782MiB(39%) CN:16 DL:4.7MiB ETA:1m38s]
[#2722a8 317MiB/782MiB(40%) CN:16 DL:4.7MiB ETA:1m37s]
[#2722a8 322MiB/782MiB(41%) CN:16 DL:4.7MiB ETA:1m36s]
[#2722a8 327MiB/782MiB(41%) CN:16 DL:4.7MiB ETA:1m35s]
[#2722a8 332MiB/782MiB(42%) CN:16 DL:4.7MiB ETA:1m34s]
[#2722a8 336MiB/782MiB(42%) CN:16 DL:4.7MiB ETA:1m33s]
[#2722a8 341MiB/782MiB(43%) CN:16 DL:4.7MiB ETA:1m32s]
[#2722a8 346MiB/782MiB(44%) CN:16 DL:4.7MiB ETA:1m31s]
[#2722a8 350MiB/782MiB(44%) CN:16 DL:4.7MiB ETA:1m30s]

下载结果：
gid   |stat|avg speed  |path/URI
======+====+===========+=======================================================
d8b604|OK  |    44KiB/s|/tmp/wheels/nvidia_cuda_cupti_cu12-12.6.80-py3-none-manylinux2014_x86_64.whl
f36742|OK  |   485KiB/s|/tmp/wheels/nvidia_curand_cu12-10.3.7.77-py3-none-manylinux2014_x86_64.manylinux_2_17_x86_64.whl
cb2cc0|OK  |   911KiB/s|/tmp/wheels/nvidia_cufft_cu12-11.3.0.4-py3-none-manylinux2014_x86_64.manylinux_2_17_x86_64.whl
f7c04d|OK  |   1.1MiB/s|/tmp/wheels/nvidia_cublas_cu12-12.6.4.1-py3-none-manylinux2014_x86_64.manylinux_2_17_x86_64.whl
4593ba|OK  |   1.6MiB/s|/tmp/wheels/nvidia_cudnn_cu12-9.5.1.17-py3-none-manylinux_2_28_x86_64.whl
f6c78d|OK  |   904KiB/s|/tmp/wheels/nvidia_cusolver_cu12-11.7.1.2-py3-none-manylinux2014_x86_64.manylinux_2_17_x86_64.whl
9a9a3e|OK  |   1.6MiB/s|/tmp/wheels/nvidia_cusparselt_cu12-0.6.3-py3-none-manylinux2014_x86_64.whl
a6a191|OK  |   581KiB/s|/tmp/wheels/nvidia_nvtx_cu12-12.6.77-py3-none-manylinux2014_x86_64.whl
b76c62|OK  |   1.5MiB/s|/tmp/wheels/nvidia_cusparse_cu12-12.5.4.2-py3-none-manylinux2014_x86_64.whl
465ac1|OK  |   1.2MiB/s|/tmp/wheels/packaging-25.0-py3-none-any.whl
082a04|OK  |   118KiB/s|/tmp/wheels/psutil-7.2.2-cp36-abi3-manylinux2010_x86_64.manylinux_2_12_x86_64.manylinux_2_28_x86_64.whl
7e9909|OK  |   241KiB/s|/tmp/wheels/pygments-2.21.0-py3-none-any.whl
ccffa1|OK  |   122KiB/s|/tmp/wheels/regex-2026.7.19-cp312-cp312-manylinux2014_x86_64.manylinux_2_17_x86_64.manylinux_2_28_x86_64.whl
6f98d2|OK  |   1.7MiB/s|/tmp/wheels/requests-2.34.2-py3-none-any.whl
218a61|OK  |   1.1MiB/s|/tmp/wheels/rich-15.0.0-py3-none-any.whl
04a2d7|OK  |   620KiB/s|/tmp/wheels/safetensors-0.8.0-cp310-abi3-manylinux_2_17_x86_64.manylinux2014_x86_64.whl
ef6d9c|OK  |   1.4MiB/s|/tmp/wheels/setuptools-81.0.0-py3-none-any.whl
9b3344|OK  |   1.3MiB/s|/tmp/wheels/shellingham-1.5.4-py2.py3-none-any.whl
e895bc|OK  |   263KiB/s|/tmp/wheels/nvidia_nvjitlink_cu12-12.6.85-py3-none-manylinux2010_x86_64.manylinux_2_12_x86_64.whl
abcbd0|OK  |   1.0MiB/s|/tmp/wheels/termcolor-3.3.0-py3-none-any.whl
f5c0eb|OK  |   1.3MiB/s|/tmp/wheels/sympy-1.14.0-py3-none-any.whl
2ecb40|OK  |   2.6MiB/s|/tmp/wheels/toml-0.10.2-py2.py3-none-any.whl
ff5e7c|OK  |   1.3MiB/s|/tmp/wheels/tokenizers-0.22.2-cp39-abi3-manylinux_2_17_x86_64.manylinux2014_x86_64.whl
07aa9b|OK  |   2.2MiB/s|/tmp/wheels/nvidia_nccl_cu12-2.26.2-py3-none-manylinux2014_x86_64.manylinux_2_17_x86_64.whl
462bfe|OK  |   201KiB/s|/tmp/wheels/tqdm-4.70.0-py3-none-any.whl
769701|OK  |   790KiB/s|/tmp/wheels/opencv_python_headless-4.13.0.92-cp37-abi3-manylinux_2_28_x86_64.whl
aa98d1|OK  |   476KiB/s|/tmp/wheels/transformers-5.5.4-py3-none-any.whl
3439ed|OK  |   131KiB/s|/tmp/wheels/typer-0.27.1-py3-none-any.whl
271d39|OK  |   453KiB/s|/tmp/wheels/typing_inspect-0.9.0-py3-none-any.whl
c3c494|OK  |   322KiB/s|/tmp/wheels/torchvision-0.22.1-cp312-cp312-manylinux_2_28_x86_64.whl
88ad5a|OK  |   134KiB/s|/tmp/wheels/urllib3-2.7.0-py3-none-any.whl
44450d|OK  |   2.1MiB/s|/tmp/wheels/triton-3.3.1-cp312-cp312-manylinux_2_27_x86_64.manylinux_2_28_x86_64.whl
2722a8|INPR|   3.2MiB/s|/tmp/wheels/torch-2.7.1-cp312-cp312-manylinux_2_28_x86_64.whl

状态标识：
(OK):下载完成。(INPR):下载中。

传输重启后 aria2 可继续该下载。
如果发生任何错误，请参阅日志文件。详细信息见帮助/手册页面中的“-l”选项。
